Component: ARM Compiler 5.06 update 6 (build 750) Tool: armlink [4d35ed]

==============================================================================

Section Cross References

    startup_stm32f746xx.o(RESET) refers to startup_stm32f746xx.o(STACK) for __initial_sp
    startup_stm32f746xx.o(RESET) refers to startup_stm32f746xx.o(.text) for Reset_Handler
    startup_stm32f746xx.o(RESET) refers to stm32f7xx_it.o(i.NMI_Handler) for NMI_Handler
    startup_stm32f746xx.o(RESET) refers to stm32f7xx_it.o(i.HardFault_Handler) for HardFault_Handler
    startup_stm32f746xx.o(RESET) refers to stm32f7xx_it.o(i.MemManage_Handler) for MemManage_Handler
    startup_stm32f746xx.o(RESET) refers to stm32f7xx_it.o(i.BusFault_Handler) for BusFault_Handler
    startup_stm32f746xx.o(RESET) refers to stm32f7xx_it.o(i.UsageFault_Handler) for UsageFault_Handler
    startup_stm32f746xx.o(RESET) refers to stm32f7xx_it.o(i.SVC_Handler) for SVC_Handler
    startup_stm32f746xx.o(RESET) refers to stm32f7xx_it.o(i.DebugMon_Handler) for DebugMon_Handler
    startup_stm32f746xx.o(RESET) refers to stm32f7xx_it.o(i.PendSV_Handler) for PendSV_Handler
    startup_stm32f746xx.o(RESET) refers to stm32f7xx_it.o(i.SysTick_Handler) for SysTick_Handler
    startup_stm32f746xx.o(RESET) refers to stm32f7xx_it.o(i.DMA1_Stream1_IRQHandler) for DMA1_Stream1_IRQHandler
    startup_stm32f746xx.o(RESET) refers to stm32f7xx_it.o(i.DMA1_Stream3_IRQHandler) for DMA1_Stream3_IRQHandler
    startup_stm32f746xx.o(RESET) refers to stm32f7xx_it.o(i.DMA1_Stream5_IRQHandler) for DMA1_Stream5_IRQHandler
    startup_stm32f746xx.o(RESET) refers to stm32f7xx_it.o(i.DMA1_Stream6_IRQHandler) for DMA1_Stream6_IRQHandler
    startup_stm32f746xx.o(RESET) refers to stm32f7xx_it.o(i.TIM2_IRQHandler) for TIM2_IRQHandler
    startup_stm32f746xx.o(RESET) refers to stm32f7xx_it.o(i.USART2_IRQHandler) for USART2_IRQHandler
    startup_stm32f746xx.o(RESET) refers to stm32f7xx_it.o(i.USART3_IRQHandler) for USART3_IRQHandler
    startup_stm32f746xx.o(RESET) refers to stm32f7xx_it.o(i.EXTI15_10_IRQHandler) for EXTI15_10_IRQHandler
    startup_stm32f746xx.o(.text) refers to system_stm32f7xx.o(i.SystemInit) for SystemInit
    startup_stm32f746xx.o(.text) refers to entry.o(.ARM.Collect$$$$00000000) for __main
    tj_mpu6050.o(i.I2C_Read) refers to stm32f7xx_hal_i2c.o(i.HAL_I2C_Master_Transmit) for HAL_I2C_Master_Transmit
    tj_mpu6050.o(i.I2C_Read) refers to stm32f7xx_hal_i2c.o(i.HAL_I2C_Master_Receive) for HAL_I2C_Master_Receive
    tj_mpu6050.o(i.I2C_Read) refers to tj_mpu6050.o(.bss) for .bss
    tj_mpu6050.o(i.I2C_Write8) refers to stm32f7xx_hal_i2c.o(i.HAL_I2C_Master_Transmit) for HAL_I2C_Master_Transmit
    tj_mpu6050.o(i.I2C_Write8) refers to tj_mpu6050.o(.bss) for .bss
    tj_mpu6050.o(i.MPU6050_Config) refers to tj_mpu6050.o(i.I2C_Write8) for I2C_Write8
    tj_mpu6050.o(i.MPU6050_Config) refers to stm32f7xx_hal.o(i.HAL_Delay) for HAL_Delay
    tj_mpu6050.o(i.MPU6050_Config) refers to tj_mpu6050.o(i.MPU6050_Set_SMPRT_DIV) for MPU6050_Set_SMPRT_DIV
    tj_mpu6050.o(i.MPU6050_Config) refers to tj_mpu6050.o(.data) for .data
    tj_mpu6050.o(i.MPU6050_Get_Accel_Cali) refers to tj_mpu6050.o(i.MPU6050_Get_Accel_Scale) for MPU6050_Get_Accel_Scale
    tj_mpu6050.o(i.MPU6050_Get_Accel_Cali) refers to tj_mpu6050.o(.data) for .data
    tj_mpu6050.o(i.MPU6050_Get_Accel_RawData) refers to tj_mpu6050.o(i.I2C_Read) for I2C_Read
    tj_mpu6050.o(i.MPU6050_Get_Accel_RawData) refers to tj_mpu6050.o(.data) for .data
    tj_mpu6050.o(i.MPU6050_Get_Accel_Scale) refers to tj_mpu6050.o(i.MPU6050_Get_Accel_RawData) for MPU6050_Get_Accel_RawData
    tj_mpu6050.o(i.MPU6050_Get_Accel_Scale) refers to tj_mpu6050.o(.data) for .data
    tj_mpu6050.o(i.MPU6050_Get_FSYNC) refers to tj_mpu6050.o(i.I2C_Read) for I2C_Read
    tj_mpu6050.o(i.MPU6050_Get_Gyro_RawData) refers to tj_mpu6050.o(.data) for .data
    tj_mpu6050.o(i.MPU6050_Get_Gyro_Scale) refers to tj_mpu6050.o(i.MPU6050_Get_Gyro_RawData) for MPU6050_Get_Gyro_RawData
    tj_mpu6050.o(i.MPU6050_Get_Gyro_Scale) refers to tj_mpu6050.o(.data) for .data
    tj_mpu6050.o(i.MPU6050_Get_SMPRT_DIV) refers to tj_mpu6050.o(i.I2C_Read) for I2C_Read
    tj_mpu6050.o(i.MPU6050_Init) refers to memcpya.o(.text) for __aeabi_memcpy4
    tj_mpu6050.o(i.MPU6050_Init) refers to tj_mpu6050.o(.bss) for .bss
    tj_mpu6050.o(i.MPU6050_Set_FSYNC) refers to tj_mpu6050.o(i.I2C_Read) for I2C_Read
    tj_mpu6050.o(i.MPU6050_Set_FSYNC) refers to tj_mpu6050.o(i.I2C_Write8) for I2C_Write8
    tj_mpu6050.o(i.MPU6050_Set_SMPRT_DIV) refers to tj_mpu6050.o(i.I2C_Write8) for I2C_Write8
    tj_mpu6050.o(i._Accel_Cali) refers to tj_mpu6050.o(.data) for .data
    main.o(i.HAL_GPIO_EXTI_Callback) refers to stm32f7xx_hal_gpio.o(i.HAL_GPIO_ReadPin) for HAL_GPIO_ReadPin
    main.o(i.HAL_GPIO_EXTI_Callback) refers to main.o(.data) for .data
    main.o(i.HAL_TIM_PeriodElapsedCallback) refers to main.o(.data) for .data
    main.o(i.HAL_UART_RxCpltCallback) refers to main.o(.data) for .data
[...]
    ../fplib/microlib/f2d.c                  0x00000000   Number         0  f2d.o ABSOLUTE
    ../fplib/microlib/fpadd.c                0x00000000   Number         0  dadd.o ABSOLUTE
    ../fplib/microlib/fpdiv.c                0x00000000   Number         0  ddiv.o ABSOLUTE
    ../fplib/microlib/fpepilogue.c           0x00000000   Number         0  depilogue.o ABSOLUTE
    ../fplib/microlib/fpepilogue.c           0x00000000   Number         0  fepilogue.o ABSOLUTE
    ../fplib/microlib/fpfix.c                0x00000000   Number         0  dfixul.o ABSOLUTE
    ../fplib/microlib/fpflt.c                0x00000000   Number         0  dfltul.o ABSOLUTE
    ../fplib/microlib/fpmul.c                0x00000000   Number         0  dmul.o ABSOLUTE
    ..\Drivers\STM32F7xx_HAL_Driver\Src\stm32f7xx_hal.c 0x00000000   Number         0  stm32f7xx_hal.o ABSOLUTE
    ..\Drivers\STM32F7xx_HAL_Driver\Src\stm32f7xx_hal_cortex.c 0x00000000   Number         0  stm32f7xx_hal_cortex.o ABSOLUTE
    ..\Drivers\STM32F7xx_HAL_Driver\Src\stm32f7xx_hal_dma.c 0x00000000   Number         0  stm32f7xx_hal_dma.o ABSOLUTE
    ..\Drivers\STM32F7xx_HAL_Driver\Src\stm32f7xx_hal_dma_ex.c 0x00000000   Number         0  stm32f7xx_hal_dma_ex.o ABSOLUTE
    ..\Drivers\STM32F7xx_HAL_Driver\Src\stm32f7xx_hal_exti.c 0x00000000   Number         0  stm32f7xx_hal_exti.o ABSOLUTE
    ..\Drivers\STM32F7xx_HAL_Driver\Src\stm32f7xx_hal_flash.c 0x00000000   Number         0  stm32f7xx_hal_flash.o ABSOLUTE
    ..\Drivers\STM32F7xx_HAL_Driver\Src\stm32f7xx_hal_flash_ex.c 0x00000000   Number         0  stm32f7xx_hal_flash_ex.o ABSOLUTE
    ..\Drivers\STM32F7xx_HAL_Driver\Src\stm32f7xx_hal_gpio.c 0x00000000   Number         0  stm32f7xx_hal_gpio.o ABSOLUTE
    ..\Drivers\STM32F7xx_HAL_Driver\Src\stm32f7xx_hal_i2c.c 0x00000000   Number         0  stm32f7xx_hal_i2c.o ABSOLUTE
    ..\Drivers\STM32F7xx_HAL_Driver\Src\stm32f7xx_hal_i2c_ex.c 0x00000000   Number         0  stm32f7xx_hal_i2c_ex.o ABSOLUTE
    ..\Drivers\STM32F7xx_HAL_Driver\Src\stm32f7xx_hal_pwr.c 0x00000000   Number         0  stm32f7xx_hal_pwr.o ABSOLUTE
    ..\Drivers\STM32F7xx_HAL_Driver\Src\stm32f7xx_hal_pwr_ex.c 0x00000000   Number         0  stm32f7xx_hal_pwr_ex.o ABSOLUTE
    ..\Drivers\STM32F7xx_HAL_Driver\Src\stm32f7xx_hal_rcc.c 0x00000000   Number         0  stm32f7xx_hal_rcc.o ABSOLUTE
    ..\Drivers\STM32F7xx_HAL_Driver\Src\stm32f7xx_hal_rcc_ex.c 0x00000000   Number         0  stm32f7xx_hal_rcc_ex.o ABSOLUTE
    ..\Drivers\STM32F7xx_HAL_Driver\Src\stm32f7xx_hal_tim.c 0x00000000   Number         0  stm32f7xx_hal_tim.o ABSOLUTE
    ..\Drivers\STM32F7xx_HAL_Driver\Src\stm32f7xx_hal_tim_ex.c 0x00000000   Number         0  stm32f7xx_hal_tim_ex.o ABSOLUTE
    ..\Drivers\STM32F7xx_HAL_Driver\Src\stm32f7xx_hal_uart.c 0x00000000   Number         0  stm32f7xx_hal_uart.o ABSOLUTE
    ..\Drivers\STM32F7xx_HAL_Driver\Src\stm32f7xx_hal_uart_ex.c 0x00000000   Number         0  stm32f7xx_hal_uart_ex.o ABSOLUTE
    ..\Src\TJ_MPU6050.c                      0x00000000   Number         0  tj_mpu6050.o ABSOLUTE
    ..\Src\main.c                            0x00000000   Number         0  main.o ABSOLUTE
    ..\Src\stm32f7xx_hal_msp.c               0x00000000   Number         0  stm32f7xx_hal_msp.o ABSOLUTE
    ..\Src\stm32f7xx_it.c                    0x00000000   Number         0  stm32f7xx_it.o ABSOLUTE
    ..\Src\system_stm32f7xx.c                0x00000000   Number         0  system_stm32f7xx.o ABSOLUTE
    ..\\Src\\TJ_MPU6050.c                    0x00000000   Number         0  tj_mpu6050.o ABSOLUTE
    cdrcmple.s                               0x00000000   Number         0  cdrcmple.o ABSOLUTE
    dc.s                                     0x00000000   Number         0  dc.o ABSOLUTE
    handlers.s                               0x00000000   Number         0  handlers.o ABSOLUTE
    init.s                                   0x00000000   Number         0  init.o ABSOLUTE
    startup_stm32f746xx.s                    0x00000000   Number         0  startup_stm32f746xx.o ABSOLUTE
    RESET                                    0x08000000   Section      456  startup_stm32f746xx.o(RESET)
    .ARM.Collect$$$$00000000                 0x080001c8   Section        0  entry.o(.ARM.Collect$$$$00000000)
    .ARM.Collect$$$$00000001                 0x080001c8   Section        4  entry2.o(.ARM.Collect$$$$00000001)
    .ARM.Collect$$$$00000004                 0x080001cc   Section        4  entry5.o(.ARM.Collect$$$$00000004)
    .ARM.Collect$$$$00000008                 0x080001d0   Section        0  entry7b.o(.ARM.Collect$$$$00000008)
    .ARM.Collect$$$$0000000A                 0x080001d0   Section        0  entry8b.o(.ARM.Collect$$$$0000000A)
    .ARM.Collect$$$$0000000B                 0x080001d0   Section        8  entry9a.o(.ARM.Collect$$$$0000000B)
    .ARM.Collect$$$$0000000D                 0x080001d8   Section        0  entry10a.o(.ARM.Collect$$$$0000000D)
    .ARM.Collect$$$$0000000F                 0x080001d8   Section        0  entry11a.o(.ARM.Collect$$$$0000000F)
    .ARM.Collect$$$$00002712                 0x080001d8   Section        4  entry2.o(.ARM.Collect$$$$00002712)
    __lit__00000000                          0x080001d8   Data           4  entry2.o(.ARM.Collect$$$$00002712)
    .text                                    0x080001dc   Section       36  startup_stm32f746xx.o(.text)
    $v0                                      0x080001dc   Number         0  startup_stm32f746xx.o(.text)
    .text                                    0x08000200   Section        0  uldiv.o(.text)
    .text                                    0x08000262   Section        0  memcpya.o(.text)
    .text                                    0x08000286   Section        0  memseta.o(.text)
    .text                                    0x080002aa   Section        0  strlen.o(.text)
    .text                                    0x080002b8   Section        0  dadd.o(.text)
    .text                                    0x08000406   Section        0  dmul.o(.text)
    .text                                    0x080004ea   Section        0  f2d.o(.text)
    .text                                    0x08000510   Section        0  d2f.o(.text)
    .text                                    0x08000548   Section        0  uidiv.o(.text)
    .text                                    0x08000574   Section        0  llshl.o(.text)
    .text                                    0x08000592   Section        0  llushr.o(.text)
    .text                                    0x080005b2   Section        0  llsshr.o(.text)
    .text                                    0x080005d6   Section        0  iusefp.o(.text)
    .text                                    0x080005d6   Section        0  fepilogue.o(.text)
    .text                                    0x08000644   Section        0  depilogue.o(.text)
    .text                                    0x080006fe   Section        0  ddiv.o(.text)
    .text                                    0x080007dc   Section        0  dfixul.o(.text)
    .text                                    0x0800080c   Section       48  cdrcmple.o(.text)
    .text                                    0x0800083c   Section       36  init.o(.text)
    i.BusFault_Handler                       0x08000860   Section        0  stm32f7xx_it.o(i.BusFault_Handler)
    i.DMA1_Stream1_IRQHandler                0x08000864   Section        0  stm32f7xx_it.o(i.DMA1_Stream1_IRQHandler)
    i.DMA1_Stream3_IRQHandler                0x08000870   Section        0  stm32f7xx_it.o(i.DMA1_Stream3_IRQHandler)
    i.DMA1_Stream5_IRQHandler                0x0800087c   Section        0  stm32f7xx_it.o(i.DMA1_Stream5_IRQHandler)
    i.DMA1_Stream6_IRQHandler                0x08000888   Section        0  stm32f7xx_it.o(i.DMA1_Stream6_IRQHandler)
    i.DMA_CalcBaseAndBitshift                0x08000894   Section        0  stm32f7xx_hal_dma.o(i.DMA_CalcBaseAndBitshift)
    DMA_CalcBaseAndBitshift                  0x08000895   Thumb Code    34  stm32f7xx_hal_dma.o(i.DMA_CalcBaseAndBitshift)
    i.DMA_CheckFifoParam                     0x080008bc   Section        0  stm32f7xx_hal_dma.o(i.DMA_CheckFifoParam)
    DMA_CheckFifoParam                       0x080008bd   Thumb Code    84  stm32f7xx_hal_dma.o(i.DMA_CheckFifoParam)
    i.DMA_SetConfig                          0x08000910   Section        0  stm32f7xx_hal_dma.o(i.DMA_SetConfig)
    DMA_SetConfig                            0x08000911   Thumb Code    40  stm32f7xx_hal_dma.o(i.DMA_SetConfig)
    i.DebugMon_Handler                       0x08000938   Section        0  stm32f7xx_it.o(i.DebugMon_Handler)
    i.EXTI15_10_IRQHandler                   0x0800093a   Section        0  stm32f7xx_it.o(i.EXTI15_10_IRQHandler)
    i.Error_Handler                          0x08000960   Section        0  main.o(i.Error_Handler)
    i.HAL_DMA_Abort_IT                       0x08000962   Section        0  stm32f7xx_hal_dma.o(i.HAL_DMA_Abort_IT)
    i.HAL_DMA_IRQHandler                     0x08000988   Section        0  stm32f7xx_hal_dma.o(i.HAL_DMA_IRQHandler)
    i.HAL_DMA_Init                           0x08000b28   Section        0  stm32f7xx_hal_dma.o(i.HAL_DMA_Init)
    i.HAL_DMA_Start_IT                       0x08000c0c   Section        0  stm32f7xx_hal_dma.o(i.HAL_DMA_Start_IT)
    i.HAL_Delay                              0x08000c88   Section        0  stm32f7xx_hal.o(i.HAL_Delay)
    i.HAL_GPIO_EXTI_Callback                 0x08000cac   Section        0  main.o(i.HAL_GPIO_EXTI_Callback)
    i.HAL_GPIO_EXTI_IRQHandler               0x08000d80   Section        0  stm32f7xx_hal_gpio.o(i.HAL_GPIO_EXTI_IRQHandler)
    i.HAL_GPIO_Init                          0x08000d98   Section        0  stm32f7xx_hal_gpio.o(i.HAL_GPIO_Init)
    i.HAL_GPIO_ReadPin                       0x08000f70   Section        0  stm32f7xx_hal_gpio.o(i.HAL_GPIO_ReadPin)
    i.HAL_GPIO_TogglePin                     0x08000f7a   Section        0  stm32f7xx_hal_gpio.o(i.HAL_GPIO_TogglePin)
    i.HAL_GPIO_WritePin                      0x08000f88   Section        0  stm32f7xx_hal_gpio.o(i.HAL_GPIO_WritePin)
    i.HAL_GetTick                            0x08000f94   Section        0  stm32f7xx_hal.o(i.HAL_GetTick)
    i.HAL_I2CEx_ConfigAnalogFilter           0x08000fa0   Section        0  stm32f7xx_hal_i2c_ex.o(i.HAL_I2CEx_ConfigAnalogFilter)
    i.HAL_I2CEx_ConfigDigitalFilter          0x08000ff8   Section        0  stm32f7xx_hal_i2c_ex.o(i.HAL_I2CEx_ConfigDigitalFilter)
    i.HAL_I2C_Init                           0x0800104c   Section        0  stm32f7xx_hal_i2c.o(i.HAL_I2C_Init)
    i.HAL_I2C_Master_Receive                 0x08001104   Section        0  stm32f7xx_hal_i2c.o(i.HAL_I2C_Master_Receive)
    i.HAL_I2C_Master_Transmit                0x08001228   Section        0  stm32f7xx_hal_i2c.o(i.HAL_I2C_Master_Transmit)
    i.HAL_I2C_MspInit                        0x0800134c   Section        0  stm32f7xx_hal_msp.o(i.HAL_I2C_MspInit)
    i.HAL_IncTick                            0x080013b0   Section        0  stm32f7xx_hal.o(i.HAL_IncTick)
    i.HAL_Init                               0x080013c0   Section        0  stm32f7xx_hal.o(i.HAL_Init)
    i.HAL_InitTick                           0x080013d8   Section        0  stm32f7xx_hal.o(i.HAL_InitTick)
    i.HAL_MspInit                            0x08001418   Section        0  stm32f7xx_hal_msp.o(i.HAL_MspInit)
    i.HAL_NVIC_EnableIRQ                     0x08001448   Section        0  stm32f7xx_hal_cortex.o(i.HAL_NVIC_EnableIRQ)
    i.HAL_NVIC_SetPriority                   0x08001464   Section        0  stm32f7xx_hal_cortex.o(i.HAL_NVIC_SetPriority)
    i.HAL_NVIC_SetPriorityGrouping           0x080014a4   Section        0  stm32f7xx_hal_cortex.o(i.HAL_NVIC_SetPriorityGrouping)
    i.HAL_PWREx_EnableOverDrive              0x080014c8   Section        0  stm32f7xx_hal_pwr_ex.o(i.HAL_PWREx_EnableOverDrive)
    i.HAL_PWR_EnableBkUpAccess               0x08001534   Section        0  stm32f7xx_hal_pwr.o(i.HAL_PWR_EnableBkUpAccess)
    i.HAL_RCCEx_PeriphCLKConfig              0x08001544   Section        0  stm32f7xx_hal_rcc_ex.o(i.HAL_RCCEx_PeriphCLKConfig)
    i.HAL_RCC_ClockConfig                    0x08001a40   Section        0  stm32f7xx_hal_rcc.o(i.HAL_RCC_ClockConfig)
    i.HAL_RCC_GetPCLK1Freq                   0x08001b6c   Section        0  stm32f7xx_hal_rcc.o(i.HAL_RCC_GetPCLK1Freq)
    i.HAL_RCC_GetPCLK2Freq                   0x08001b8c   Section        0  stm32f7xx_hal_rcc.o(i.HAL_RCC_GetPCLK2Freq)
    i.HAL_RCC_GetSysClockFreq                0x08001bac   Section        0  stm32f7xx_hal_rcc.o(i.HAL_RCC_GetSysClockFreq)
    i.HAL_RCC_OscConfig                      0x08001c10   Section        0  stm32f7xx_hal_rcc.o(i.HAL_RCC_OscConfig)
    i.HAL_SYSTICK_Config                     0x08001f48   Section        0  stm32f7xx_hal_cortex.o(i.HAL_SYSTICK_Config)
    i.HAL_TIMEx_Break2Callback               0x08001f6e   Section        0  stm32f7xx_hal_tim_ex.o(i.HAL_TIMEx_Break2Callback)
    i.HAL_TIMEx_BreakCallback                0x08001f70   Section        0  stm32f7xx_hal_tim_ex.o(i.HAL_TIMEx_BreakCallback)
    i.HAL_TIMEx_CommutCallback               0x08001f72   Section        0  stm32f7xx_hal_tim_ex.o(i.HAL_TIMEx_CommutCallback)
    i.HAL_TIMEx_ConfigBreakDeadTime          0x08001f74   Section        0  stm32f7xx_hal_tim_ex.o(i.HAL_TIMEx_ConfigBreakDeadTime)
    i.HAL_TIMEx_MasterConfigSynchronization  0x08002014   Section        0  stm32f7xx_hal_tim_ex.o(i.HAL_TIMEx_MasterConfigSynchronization)
    i.HAL_TIM_Base_Init                      0x08002074   Section        0  stm32f7xx_hal_tim.o(i.HAL_TIM_Base_Init)
    i.HAL_TIM_Base_MspInit                   0x080020ac   Section        0  stm32f7xx_hal_msp.o(i.HAL_TIM_Base_MspInit)
    i.HAL_TIM_Base_Start_IT                  0x0800211c   Section        0  stm32f7xx_hal_tim.o(i.HAL_TIM_Base_Start_IT)
    i.HAL_TIM_ConfigClockSource              0x08002148   Section        0  stm32f7xx_hal_tim.o(i.HAL_TIM_ConfigClockSource)
    i.HAL_TIM_IC_CaptureCallback             0x08002224   Section        0  stm32f7xx_hal_tim.o(i.HAL_TIM_IC_CaptureCallback)
    i.HAL_TIM_IRQHandler                     0x08002226   Section        0  stm32f7xx_hal_tim.o(i.HAL_TIM_IRQHandler)
    i.HAL_TIM_MspPostInit                    0x080023a8   Section        0  stm32f7xx_hal_msp.o(i.HAL_TIM_MspPostInit)
    i.HAL_TIM_OC_DelayElapsedCallback        0x08002430   Section        0  stm32f7xx_hal_tim.o(i.HAL_TIM_OC_DelayElapsedCallback)
    i.HAL_TIM_PWM_ConfigChannel              0x08002432   Section        0  stm32f7xx_hal_tim.o(i.HAL_TIM_PWM_ConfigChannel)
    i.HAL_TIM_PWM_Init                       0x0800255a   Section        0  stm32f7xx_hal_tim.o(i.HAL_TIM_PWM_Init)
    i.HAL_TIM_PWM_MspInit                    0x08002590   Section        0  stm32f7xx_hal_tim.o(i.HAL_TIM_PWM_MspInit)
    i.HAL_TIM_PWM_PulseFinishedCallback      0x08002592   Section        0  stm32f7xx_hal_tim.o(i.HAL_TIM_PWM_PulseFinishedCallback)
    i.HAL_TIM_PWM_Start                      0x08002594   Section        0  stm32f7xx_hal_tim.o(i.HAL_TIM_PWM_Start)
    i.HAL_TIM_PeriodElapsedCallback          0x080025e0   Section        0  main.o(i.HAL_TIM_PeriodElapsedCallback)
    i.HAL_TIM_TriggerCallback                0x080025f8   Section        0  stm32f7xx_hal_tim.o(i.HAL_TIM_TriggerCallback)
    i.HAL_UART_ErrorCallback                 0x080025fa   Section        0  stm32f7xx_hal_uart.o(i.HAL_UART_ErrorCallback)
    i.HAL_UART_IRQHandler                    0x080025fc   Section        0  stm32f7xx_hal_uart.o(i.HAL_UART_IRQHandler)
    i.HAL_UART_Init                          0x08002724   Section        0  stm32f7xx_hal_uart.o(i.HAL_UART_Init)
    i.HAL_UART_MspInit                       0x0800278c   Section        0  stm32f7xx_hal_msp.o(i.HAL_UART_MspInit)
    i.HAL_UART_Receive_DMA                   0x0800292c   Section        0  stm32f7xx_hal_uart.o(i.HAL_UART_Receive_DMA)
    i.HAL_UART_RxCpltCallback                0x080029c8   Section        0  main.o(i.HAL_UART_RxCpltCallback)
    i.HAL_UART_RxHalfCpltCallback            0x080029d4   Section        0  stm32f7xx_hal_uart.o(i.HAL_UART_RxHalfCpltCallback)
    i.HAL_UART_Transmit                      0x080029d6   Section        0  stm32f7xx_hal_uart.o(i.HAL_UART_Transmit)
    i.HAL_UART_TxCpltCallback                0x08002a8c   Section        0  stm32f7xx_hal_uart.o(i.HAL_UART_TxCpltCallback)
    i.HardFault_Handler                      0x08002a8e   Section        0  stm32f7xx_it.o(i.HardFault_Handler)
    i.I2C_Flush_TXDR                         0x08002a90   Section        0  stm32f7xx_hal_i2c.o(i.I2C_Flush_TXDR)
    I2C_Flush_TXDR                           0x08002a91   Thumb Code    34  stm32f7xx_hal_i2c.o(i.I2C_Flush_TXDR)
    i.I2C_IsAcknowledgeFailed                0x08002ab4   Section        0  stm32f7xx_hal_i2c.o(i.I2C_IsAcknowledgeFailed)
    I2C_IsAcknowledgeFailed                  0x08002ab5   Thumb Code   132  stm32f7xx_hal_i2c.o(i.I2C_IsAcknowledgeFailed)
    i.I2C_Read                               0x08002b3c   Section        0  tj_mpu6050.o(i.I2C_Read)
    i.I2C_TransferConfig                     0x08002b70   Section        0  stm32f7xx_hal_i2c.o(i.I2C_TransferConfig)
    I2C_TransferConfig                       0x08002b71   Thumb Code    40  stm32f7xx_hal_i2c.o(i.I2C_TransferConfig)
    i.I2C_WaitOnFlagUntilTimeout             0x08002b9c   Section        0  stm32f7xx_hal_i2c.o(i.I2C_WaitOnFlagUntilTimeout)
    I2C_WaitOnFlagUntilTimeout               0x08002b9d   Thumb Code    90  stm32f7xx_hal_i2c.o(i.I2C_WaitOnFlagUntilTimeout)
    i.I2C_WaitOnRXNEFlagUntilTimeout         0x08002bf8   Section        0  stm32f7xx_hal_i2c.o(i.I2C_WaitOnRXNEFlagUntilTimeout)
    I2C_WaitOnRXNEFlagUntilTimeout           0x08002bf9   Thumb Code   130  stm32f7xx_hal_i2c.o(i.I2C_WaitOnRXNEFlagUntilTimeout)
    i.I2C_WaitOnSTOPFlagUntilTimeout         0x08002c80   Section        0  stm32f7xx_hal_i2c.o(i.I2C_WaitOnSTOPFlagUntilTimeout)
    I2C_WaitOnSTOPFlagUntilTimeout           0x08002c81   Thumb Code    78  stm32f7xx_hal_i2c.o(i.I2C_WaitOnSTOPFlagUntilTimeout)
    i.I2C_WaitOnTXISFlagUntilTimeout         0x08002cce   Section        0  stm32f7xx_hal_i2c.o(i.I2C_WaitOnTXISFlagUntilTimeout)
    I2C_WaitOnTXISFlagUntilTimeout           0x08002ccf   Thumb Code    82  stm32f7xx_hal_i2c.o(i.I2C_WaitOnTXISFlagUntilTimeout)
    i.I2C_Write8                             0x08002d20   Section        0  tj_mpu6050.o(i.I2C_Write8)
    i.MPU6050_Config                         0x08002d40   Section        0  tj_mpu6050.o(i.MPU6050_Config)
    i.MPU6050_Get_Accel_Cali                 0x08002e14   Section        0  tj_mpu6050.o(i.MPU6050_Get_Accel_Cali)
    i.MPU6050_Get_Accel_RawData              0x08002e58   Section        0  tj_mpu6050.o(i.MPU6050_Get_Accel_RawData)
    i.MPU6050_Get_Accel_Scale                0x08002ee4   Section        0  tj_mpu6050.o(i.MPU6050_Get_Accel_Scale)
    i.MPU6050_Get_Gyro_RawData               0x08002f38   Section        0  tj_mpu6050.o(i.MPU6050_Get_Gyro_RawData)
    i.MPU6050_Get_Gyro_Scale                 0x08002f4c   Section        0  tj_mpu6050.o(i.MPU6050_Get_Gyro_Scale)
    i.MPU6050_Init                           0x08002fa0   Section        0  tj_mpu6050.o(i.MPU6050_Init)
    i.MPU6050_Set_SMPRT_DIV                  0x08002fb0   Section        0  tj_mpu6050.o(i.MPU6050_Set_SMPRT_DIV)
    i.MX_GPIO_Init                           0x08002fb8   Section        0  main.o(i.MX_GPIO_Init)
    MX_GPIO_Init                             0x08002fb9   Thumb Code   220  main.o(i.MX_GPIO_Init)
    i.MX_I2C2_Init                           0x080030a8   Section        0  main.o(i.MX_I2C2_Init)
    MX_I2C2_Init                             0x080030a9   Thumb Code    54  main.o(i.MX_I2C2_Init)
    i.MX_TIM1_Init                           0x080030ec   Section        0  main.o(i.MX_TIM1_Init)
    MX_TIM1_Init                             0x080030ed   Thumb Code   178  main.o(i.MX_TIM1_Init)
    i.MX_TIM2_Init                           0x080031a8   Section        0  main.o(i.MX_TIM2_Init)
    MX_TIM2_Init                             0x080031a9   Thumb Code    76  main.o(i.MX_TIM2_Init)
    i.MX_TIM4_Init                           0x080031f8   Section        0  main.o(i.MX_TIM4_Init)
    MX_TIM4_Init                             0x080031f9   Thumb Code   124  main.o(i.MX_TIM4_Init)
    i.MX_USART2_UART_Init                    0x0800327c   Section        0  main.o(i.MX_USART2_UART_Init)
    MX_USART2_UART_Init                      0x0800327d   Thumb Code    40  main.o(i.MX_USART2_UART_Init)
    i.MX_USART3_UART_Init                    0x080032ac   Section        0  main.o(i.MX_USART3_UART_Init)
    MX_USART3_UART_Init                      0x080032ad   Thumb Code    40  main.o(i.MX_USART3_UART_Init)
    i.MemManage_Handler                      0x080032dc   Section        0  stm32f7xx_it.o(i.MemManage_Handler)
    i.NMI_Handler                            0x080032de   Section        0  stm32f7xx_it.o(i.NMI_Handler)
    i.PendSV_Handler                         0x080032e0   Section        0  stm32f7xx_it.o(i.PendSV_Handler)
    i.SVC_Handler                            0x080032e2   Section        0  stm32f7xx_it.o(i.SVC_Handler)
    i.SysTick_Handler                        0x080032e4   Section        0  stm32f7xx_it.o(i.SysTick_Handler)
    i.SystemClock_Config                     0x080032e8   Section        0  main.o(i.SystemClock_Config)
    i.SystemInit                             0x08003390   Section        0  system_stm32f7xx.o(i.SystemInit)
    i.TIM2_IRQHandler                        0x080033e4   Section        0  stm32f7xx_it.o(i.TIM2_IRQHandler)
    i.TIM_Base_SetConfig                     0x080033f0   Section        0  stm32f7xx_hal_tim.o(i.TIM_Base_SetConfig)
    i.TIM_CCxChannelCmd                      0x080034bc   Section        0  stm32f7xx_hal_tim.o(i.TIM_CCxChannelCmd)
    i.TIM_ETR_SetConfig                      0x080034d6   Section        0  stm32f7xx_hal_tim.o(i.TIM_ETR_SetConfig)
    i.TIM_ITRx_SetConfig                     0x080034e8   Section        0  stm32f7xx_hal_tim.o(i.TIM_ITRx_SetConfig)
    TIM_ITRx_SetConfig                       0x080034e9   Thumb Code    16  stm32f7xx_hal_tim.o(i.TIM_ITRx_SetConfig)
    i.TIM_OC1_SetConfig                      0x080034f8   Section        0  stm32f7xx_hal_tim.o(i.TIM_OC1_SetConfig)
    TIM_OC1_SetConfig                        0x080034f9   Thumb Code   102  stm32f7xx_hal_tim.o(i.TIM_OC1_SetConfig)
    i.TIM_OC2_SetConfig                      0x0800356c   Section        0  stm32f7xx_hal_tim.o(i.TIM_OC2_SetConfig)
    i.TIM_OC3_SetConfig                      0x080035e4   Section        0  stm32f7xx_hal_tim.o(i.TIM_OC3_SetConfig)
    TIM_OC3_SetConfig                        0x080035e5   Thumb Code   108  stm32f7xx_hal_tim.o(i.TIM_OC3_SetConfig)
    i.TIM_OC4_SetConfig                      0x0800365c   Section        0  stm32f7xx_hal_tim.o(i.TIM_OC4_SetConfig)
    TIM_OC4_SetConfig                        0x0800365d   Thumb Code    76  stm32f7xx_hal_tim.o(i.TIM_OC4_SetConfig)
    i.TIM_OC5_SetConfig                      0x080036b4   Section        0  stm32f7xx_hal_tim.o(i.TIM_OC5_SetConfig)
    TIM_OC5_SetConfig                        0x080036b5   Thumb Code    74  stm32f7xx_hal_tim.o(i.TIM_OC5_SetConfig)
    i.TIM_OC6_SetConfig                      0x0800370c   Section        0  stm32f7xx_hal_tim.o(i.TIM_OC6_SetConfig)
    TIM_OC6_SetConfig                        0x0800370d   Thumb Code    74  stm32f7xx_hal_tim.o(i.TIM_OC6_SetConfig)
    i.TIM_TI1_ConfigInputStage               0x08003764   Section        0  stm32f7xx_hal_tim.o(i.TIM_TI1_ConfigInputStage)
    TIM_TI1_ConfigInputStage                 0x08003765   Thumb Code    34  stm32f7xx_hal_tim.o(i.TIM_TI1_ConfigInputStage)
    i.TIM_TI2_ConfigInputStage               0x08003786   Section        0  stm32f7xx_hal_tim.o(i.TIM_TI2_ConfigInputStage)
    TIM_TI2_ConfigInputStage                 0x08003787   Thumb Code    36  stm32f7xx_hal_tim.o(i.TIM_TI2_ConfigInputStage)
    i.UART_AdvFeatureConfig                  0x080037aa   Section        0  stm32f7xx_hal_uart.o(i.UART_AdvFeatureConfig)
    i.UART_CheckIdleState                    0x08003872   Section        0  stm32f7xx_hal_uart.o(i.UART_CheckIdleState)
    i.UART_DMAAbortOnError                   0x080038ae   Section        0  stm32f7xx_hal_uart.o(i.UART_DMAAbortOnError)
    UART_DMAAbortOnError                     0x080038af   Thumb Code    20  stm32f7xx_hal_uart.o(i.UART_DMAAbortOnError)
    i.UART_DMAError                          0x080038c2   Section        0  stm32f7xx_hal_uart.o(i.UART_DMAError)
    UART_DMAError                            0x080038c3   Thumb Code    70  stm32f7xx_hal_uart.o(i.UART_DMAError)
    i.UART_DMAReceiveCplt                    0x08003908   Section        0  stm32f7xx_hal_uart.o(i.UART_DMAReceiveCplt)
    UART_DMAReceiveCplt                      0x08003909   Thumb Code    58  stm32f7xx_hal_uart.o(i.UART_DMAReceiveCplt)
    i.UART_DMARxHalfCplt                     0x08003942   Section        0  stm32f7xx_hal_uart.o(i.UART_DMARxHalfCplt)
    UART_DMARxHalfCplt                       0x08003943   Thumb Code    10  stm32f7xx_hal_uart.o(i.UART_DMARxHalfCplt)
    i.UART_EndRxTransfer                     0x0800394c   Section        0  stm32f7xx_hal_uart.o(i.UART_EndRxTransfer)
    UART_EndRxTransfer                       0x0800394d   Thumb Code    32  stm32f7xx_hal_uart.o(i.UART_EndRxTransfer)
    i.UART_EndTxTransfer                     0x0800396c   Section        0  stm32f7xx_hal_uart.o(i.UART_EndTxTransfer)
    UART_EndTxTransfer                       0x0800396d   Thumb Code    16  stm32f7xx_hal_uart.o(i.UART_EndTxTransfer)
    i.UART_SetConfig                         0x0800397c   Section        0  stm32f7xx_hal_uart.o(i.UART_SetConfig)
    i.UART_WaitOnFlagUntilTimeout            0x08003bd0   Section        0  stm32f7xx_hal_uart.o(i.UART_WaitOnFlagUntilTimeout)
    i.USART2_IRQHandler                      0x08003c30   Section        0  stm32f7xx_it.o(i.USART2_IRQHandler)
    i.USART3_IRQHandler                      0x08003c3c   Section        0  stm32f7xx_it.o(i.USART3_IRQHandler)
    i.UsageFault_Handler                     0x08003c48   Section        0  stm32f7xx_it.o(i.UsageFault_Handler)
    i.__0sprintf                             0x08003c4c   Section        0  printfa.o(i.__0sprintf)
    i.__NVIC_SetPriority                     0x08003c74   Section        0  stm32f7xx_hal_cortex.o(i.__NVIC_SetPriority)
    __NVIC_SetPriority                       0x08003c75   Thumb Code    34  stm32f7xx_hal_cortex.o(i.__NVIC_SetPriority)
    i.__scatterload_copy                     0x08003c96   Section       14  handlers.o(i.__scatterload_copy)
    i.__scatterload_null                     0x08003ca4   Section        2  handlers.o(i.__scatterload_null)
    i.__scatterload_zeroinit                 0x08003ca6   Section       14  handlers.o(i.__scatterload_zeroinit)
    i._fp_digits                             0x08003cb4   Section        0  printfa.o(i._fp_digits)
    _fp_digits                               0x08003cb5   Thumb Code   366  printfa.o(i._fp_digits)
    i._printf_core                           0x08003e38   Section        0  printfa.o(i._printf_core)
    _printf_core                             0x08003e39   Thumb Code  1744  printfa.o(i._printf_core)
    i._printf_post_padding                   0x08004514   Section        0  printfa.o(i._printf_post_padding)
    _printf_post_padding                     0x08004515   Thumb Code    36  printfa.o(i._printf_post_padding)
    i._printf_pre_padding                    0x08004538   Section        0  printfa.o(i._printf_pre_padding)
    _printf_pre_padding                      0x08004539   Thumb Code    46  printfa.o(i._printf_pre_padding)
    i._sputc                                 0x08004566   Section        0  printfa.o(i._sputc)
    _sputc                                   0x08004567   Thumb Code    10  printfa.o(i._sputc)
    i.main                                   0x08004570   Section        0  main.o(i.main)
    i.uprintf                                0x08004a94   Section        0  main.o(i.uprintf)
    .constdata                               0x08004ab0   Section        8  stm32f7xx_hal_dma.o(.constdata)
    flagBitshiftOffset                       0x08004ab0   Data           8  stm32f7xx_hal_dma.o(.constdata)
    .constdata                               0x08004ab8   Section       16  system_stm32f7xx.o(.constdata)
    .constdata                               0x08004ac8   Section        8  system_stm32f7xx.o(.constdata)
    .data                                    0x20000000   Section       26  tj_mpu6050.o(.data)
    A_X_Bias                                 0x20000000   Data           4  tj_mpu6050.o(.data)
    A_Y_Bias                                 0x20000004   Data           4  tj_mpu6050.o(.data)
    A_Z_Bias                                 0x20000008   Data           4  tj_mpu6050.o(.data)
    accelScalingFactor                       0x2000000c   Data           4  tj_mpu6050.o(.data)
    gyroScalingFactor                        0x20000010   Data           4  tj_mpu6050.o(.data)
    GyroRW                                   0x20000014   Data           6  tj_mpu6050.o(.data)
    .data                                    0x2000001c   Section      104  main.o(.data)
    .data                                    0x20000084   Section       12  stm32f7xx_hal.o(.data)
    .data                                    0x20000090   Section        4  system_stm32f7xx.o(.data)
    .bss                                     0x20000094   Section       76  tj_mpu6050.o(.bss)
    i2cHandler                               0x20000094   Data          76  tj_mpu6050.o(.bss)
    .bss                                     0x200000e0   Section      632  main.o(.bss)
    .bss                                     0x20000358   Section       96  main.o(.bss)
    .bss                                     0x200003b8   Section       96  main.o(.bss)
    .bss                                     0x20000418   Section       96  main.o(.bss)
    .bss                                     0x20000478   Section       96  main.o(.bss)
    STACK                                    0x200004d8   Section     1024  startup_stm32f746xx.o(STACK)

    Global Symbols

    Symbol Name                              Value     Ov Type        Size  Object(Section)

    BuildAttributes$$THM_ISAv4$E$P$D$K$B$S$7EM$VFPi5$EXTD16$VFPS$VFMA$PE$PLD8$A:L22UL41UL21$X:L11$S22US41US21$IEEE1$IW$USESV6$~STKCKD$USESV7$~SHL$OTIME$ROPI$EBA8$MICROLIB$REQ8$PRES8$EABIv2 0x00000000   Number         0  anon$$obj.o ABSOLUTE
    __ARM_use_no_argv                        0x00000000   Number         0  main.o ABSOLUTE
    _printf_a                                0x00000000   Number         0  stubs.o ABSOLUTE
    _printf_c                                0x00000000   Number         0  stubs.o ABSOLUTE
    _printf_charcount                        0x00000000   Number         0  stubs.o ABSOLUTE
    _printf_d                                0x00000000   Number         0  stubs.o ABSOLUTE
    _printf_e                                0x00000000   Number         0  stubs.o ABSOLUTE
    _printf_f                                0x00000000   Number         0  stubs.o ABSOLUTE
    _printf_flags                            0x00000000   Number         0  stubs.o ABSOLUTE
    _printf_fp_dec                           0x00000000   Number         0  stubs.o ABSOLUTE
    _printf_fp_hex                           0x00000000   Number         0  stubs.o ABSOLUTE
    _printf_g                                0x00000000   Number         0  stubs.o ABSOLUTE
    _printf_i                                0x00000000   Number         0  stubs.o ABSOLUTE
    _printf_int_dec                          0x00000000   Number         0  stubs.o ABSOLUTE
    _printf_l                                0x00000000   Number         0  stubs.o ABSOLUTE
    _printf_lc                               0x00000000   Number         0  stubs.o ABSOLUTE
    _printf_ll                               0x00000000   Number         0  stubs.o ABSOLUTE
    _printf_lld                              0x00000000   Number         0  stubs.o ABSOLUTE
    _printf_lli                              0x00000000   Number         0  stubs.o ABSOLUTE
    _printf_llo                              0x00000000   Number         0  stubs.o ABSOLUTE
    _printf_llu                              0x00000000   Number         0  stubs.o ABSOLUTE
    _printf_llx                              0x00000000   Number         0  stubs.o ABSOLUTE
    _printf_longlong_dec                     0x00000000   Number         0  stubs.o ABSOLUTE
    _printf_longlong_hex                     0x00000000   Number         0  stubs.o ABSOLUTE
    _printf_longlong_oct                     0x00000000   Number         0  stubs.o ABSOLUTE
    _printf_ls                               0x00000000   Number         0  stubs.o ABSOLUTE
    _printf_mbtowc                           0x00000000   Number         0  stubs.o ABSOLUTE
    _printf_n                                0x00000000   Number         0  stubs.o ABSOLUTE
    _printf_o                                0x00000000   Number         0  stubs.o ABSOLUTE
    _printf_p                                0x00000000   Number         0  stubs.o ABSOLUTE
    _printf_percent                          0x00000000   Number         0  stubs.o ABSOLUTE
    _printf_pre_padding                      0x00000000   Number         0  stubs.o ABSOLUTE
    _printf_return_value                     0x00000000   Number         0  stubs.o ABSOLUTE
    _printf_s                                0x00000000   Number         0  stubs.o ABSOLUTE
    _printf_sizespec                         0x00000000   Number         0  stubs.o ABSOLUTE
    _printf_str                              0x00000000   Number         0  stubs.o ABSOLUTE
    _printf_truncate_signed                  0x00000000   Number         0  stubs.o ABSOLUTE
    _printf_truncate_unsigned                0x00000000   Number         0  stubs.o ABSOLUTE
    _printf_u                                0x00000000   Number         0  stubs.o ABSOLUTE
    _printf_wc                               0x00000000   Number         0  stubs.o ABSOLUTE
    _printf_wctomb                           0x00000000   Number         0  stubs.o ABSOLUTE
    _printf_widthprec                        0x00000000   Number         0  stubs.o ABSOLUTE
    _printf_x                                0x00000000   Number         0  stubs.o ABSOLUTE
    __cpp_initialize__aeabi_                  - Undefined Weak Reference
    __cxa_finalize                            - Undefined Weak Reference
    __decompress                              - Undefined Weak Reference
    _clock_init                               - Undefined Weak Reference
    _microlib_exit                            - Undefined Weak Reference
    _scanf_int                                - Undefined Weak Reference
    _scanf_longlong                           - Undefined Weak Reference
    _scanf_string                             - Undefined Weak Reference
    __Vectors_Size                           0x000001c8   Number         0  startup_stm32f746xx.o ABSOLUTE
    __Vectors                                0x08000000   Data           4  startup_stm32f746xx.o(RESET)
    __Vectors_End                            0x080001c8   Data           0  startup_stm32f746xx.o(RESET)
    __main                                   0x080001c9   Thumb Code     0  entry.o(.ARM.Collect$$$$00000000)
    _main_stk                                0x080001c9   Thumb Code     0  entry2.o(.ARM.Collect$$$$00000001)
    _main_scatterload                        0x080001cd   Thumb Code     0  entry5.o(.ARM.Collect$$$$00000004)
    __main_after_scatterload                 0x080001d1   Thumb Code     0  entry5.o(.ARM.Collect$$$$00000004)
    _main_clock                              0x080001d1   Thumb Code     0  entry7b.o(.ARM.Collect$$$$00000008)
    _main_cpp_init                           0x080001d1   Thumb Code     0  entry8b.o(.ARM.Collect$$$$0000000A)
    _main_init                               0x080001d1   Thumb Code     0  entry9a.o(.ARM.Collect$$$$0000000B)
    __rt_final_cpp                           0x080001d9   Thumb Code     0  entry10a.o(.ARM.Collect$$$$0000000D)
    __rt_final_exit                          0x080001d9   Thumb Code     0  entry11a.o(.ARM.Collect$$$$0000000F)
    Reset_Handler                            0x080001dd   Thumb Code     8  startup_stm32f746xx.o(.text)
    ADC_IRQHandler                           0x080001f7   Thumb Code     0  startup_stm32f746xx.o(.text)
    CAN1_RX0_IRQHandler                      0x080001f7   Thumb Code     0  startup_stm32f746xx.o(.text)
    CAN1_RX1_IRQHandler                      0x080001f7   Thumb Code     0  startup_stm32f746xx.o(.text)
    CAN1_SCE_IRQHandler                      0x080001f7   Thumb Code     0  startup_stm32f746xx.o(.text)
    CAN1_TX_IRQHandler                       0x080001f7   Thumb Code     0  startup_stm32f746xx.o(.text)
    CAN2_RX0_IRQHandler                      0x080001f7   Thumb Code     0  startup_stm32f746xx.o(.text)
    CAN2_RX1_IRQHandler                      0x080001f7   Thumb Code     0  startup_stm32f746xx.o(.text)
    CAN2_SCE_IRQHandler                      0x080001f7   Thumb Code     0  startup_stm32f746xx.o(.text)
    CAN2_TX_IRQHandler                       0x080001f7   Thumb Code     0  startup_stm32f746xx.o(.text)
    CEC_IRQHandler                           0x080001f7   Thumb Code     0  startup_stm32f746xx.o(.text)
    DCMI_IRQHandler                          0x080001f7   Thumb Code     0  startup_stm32f746xx.o(.text)
    DMA1_Stream0_IRQHandler                  0x080001f7   Thumb Code     0  startup_stm32f746xx.o(.text)
    DMA1_Stream2_IRQHandler                  0x080001f7   Thumb Code     0  startup_stm32f746xx.o(.text)
    DMA1_Stream4_IRQHandler                  0x080001f7   Thumb Code     0  startup_stm32f746xx.o(.text)
    DMA1_Stream7_IRQHandler                  0x080001f7   Thumb Code     0  startup_stm32f746xx.o(.text)
    DMA2D_IRQHandler                         0x080001f7   Thumb Code     0  startup_stm32f746xx.o(.text)
    DMA2_Stream0_IRQHandler                  0x080001f7   Thumb Code     0  startup_stm32f746xx.o(.text)
    DMA2_Stream1_IRQHandler                  0x080001f7   Thumb Code     0  startup_stm32f746xx.o(.text)
    DMA2_Stream2_IRQHandler                  0x080001f7   Thumb Code     0  startup_stm32f746xx.o(.text)
    DMA2_Stream3_IRQHandler                  0x080001f7   Thumb Code     0  startup_stm32f746xx.o(.text)
    DMA2_Stream4_IRQHandler                  0x080001f7   Thumb Code     0  startup_stm32f746xx.o(.text)
    DMA2_Stream5_IRQHandler                  0x080001f7   Thumb Code     0  startup_stm32f746xx.o(.text)
    DMA2_Stream6_IRQHandler                  0x080001f7   Thumb Code     0  startup_stm32f746xx.o(.text)
    DMA2_Stream7_IRQHandler                  0x080001f7   Thumb Code     0  startup_stm32f746xx.o(.text)
    ETH_IRQHandler                           0x080001f7   Thumb Code     0  startup_stm32f746xx.o(.text)
    ETH_WKUP_IRQHandler                      0x080001f7   Thumb Code     0  startup_stm32f746xx.o(.text)
    EXTI0_IRQHandler                         0x080001f7   Thumb Code     0  startup_stm32f746xx.o(.text)
    EXTI1_IRQHandler                         0x080001f7   Thumb Code     0  startup_stm32f746xx.o(.text)
    EXTI2_IRQHandler                         0x080001f7   Thumb Code     0  startup_stm32f746xx.o(.text)
    EXTI3_IRQHandler                         0x080001f7   Thumb Code     0  startup_stm32f746xx.o(.text)
    EXTI4_IRQHandler                         0x080001f7   Thumb Code     0  startup_stm32f746xx.o(.text)
    EXTI9_5_IRQHandler                       0x080001f7   Thumb Code     0  startup_stm32f746xx.o(.text)
    FLASH_IRQHandler                         0x080001f7   Thumb Code     0  startup_stm32f746xx.o(.text)
    FMC_IRQHandler                           0x080001f7   Thumb Code     0  startup_stm32f746xx.o(.text)
    FPU_IRQHandler                           0x080001f7   Thumb Code     0  startup_stm32f746xx.o(.text)
    I2C1_ER_IRQHandler                       0x080001f7   Thumb Code     0  startup_stm32f746xx.o(.text)
    I2C1_EV_IRQHandler                       0x080001f7   Thumb Code     0  startup_stm32f746xx.o(.text)
    I2C2_ER_IRQHandler                       0x080001f7   Thumb Code     0  startup_stm32f746xx.o(.text)
    I2C2_EV_IRQHandler                       0x080001f7   Thumb Code     0  startup_stm32f746xx.o(.text)
    I2C3_ER_IRQHandler                       0x080001f7   Thumb Code     0  startup_stm32f746xx.o(.text)
    I2C3_EV_IRQHandler                       0x080001f7   Thumb Code     0  startup_stm32f746xx.o(.text)
    I2C4_ER_IRQHandler                       0x080001f7   Thumb Code     0  startup_stm32f746xx.o(.text)
    I2C4_EV_IRQHandler                       0x080001f7   Thumb Code     0  startup_stm32f746xx.o(.text)
    LPTIM1_IRQHandler                        0x080001f7   Thumb Code     0  startup_stm32f746xx.o(.text)
    LTDC_ER_IRQHandler                       0x080001f7   Thumb Code     0  startup_stm32f746xx.o(.text)
    LTDC_IRQHandler                          0x080001f7   Thumb Code     0  startup_stm32f746xx.o(.text)
    OTG_FS_IRQHandler                        0x080001f7   Thumb Code     0  startup_stm32f746xx.o(.text)
    OTG_FS_WKUP_IRQHandler                   0x080001f7   Thumb Code     0  startup_stm32f746xx.o(.text)
    OTG_HS_EP1_IN_IRQHandler                 0x080001f7   Thumb Code     0  startup_stm32f746xx.o(.text)
    OTG_HS_EP1_OUT_IRQHandler                0x080001f7   Thumb Code     0  startup_stm32f746xx.o(.text)
    OTG_HS_IRQHandler                        0x080001f7   Thumb Code     0  startup_stm32f746xx.o(.text)
    OTG_HS_WKUP_IRQHandler                   0x080001f7   Thumb Code     0  startup_stm32f746xx.o(.text)
    PVD_IRQHandler                           0x080001f7   Thumb Code     0  startup_stm32f746xx.o(.text)
    QUADSPI_IRQHandler                       0x080001f7   Thumb Code     0  startup_stm32f746xx.o(.text)
    RCC_IRQHandler                           0x080001f7   Thumb Code     0  startup_stm32f746xx.o(.text)
    RNG_IRQHandler                           0x080001f7   Thumb Code     0  startup_stm32f746xx.o(.text)
    RTC_Alarm_IRQHandler                     0x080001f7   Thumb Code     0  startup_stm32f746xx.o(.text)
    RTC_WKUP_IRQHandler                      0x080001f7   Thumb Code     0  startup_stm32f746xx.o(.text)
    SAI1_IRQHandler                          0x080001f7   Thumb Code     0  startup_stm32f746xx.o(.text)
    SAI2_IRQHandler                          0x080001f7   Thumb Code     0  startup_stm32f746xx.o(.text)
    SDMMC1_IRQHandler                        0x080001f7   Thumb Code     0  startup_stm32f746xx.o(.text)
    SPDIF_RX_IRQHandler                      0x080001f7   Thumb Code     0  startup_stm32f746xx.o(.text)
    SPI1_IRQHandler                          0x080001f7   Thumb Code     0  startup_stm32f746xx.o(.text)
    SPI2_IRQHandler                          0x080001f7   Thumb Code     0  startup_stm32f746xx.o(.text)
    SPI3_IRQHandler                          0x080001f7   Thumb Code     0  startup_stm32f746xx.o(.text)
    SPI4_IRQHandler                          0x080001f7   Thumb Code     0  startup_stm32f746xx.o(.text)
    SPI5_IRQHandler                          0x080001f7   Thumb Code     0  startup_stm32f746xx.o(.text)
    SPI6_IRQHandler                          0x080001f7   Thumb Code     0  startup_stm32f746xx.o(.text)
    TAMP_STAMP_IRQHandler                    0x080001f7   Thumb Code     0  startup_stm32f746xx.o(.text)
    TIM1_BRK_TIM9_IRQHandler                 0x080001f7   Thumb Code     0  startup_stm32f746xx.o(.text)
    TIM1_CC_IRQHandler                       0x080001f7   Thumb Code     0  startup_stm32f746xx.o(.text)
    TIM1_TRG_COM_TIM11_IRQHandler            0x080001f7   Thumb Code     0  startup_stm32f746xx.o(.text)
    TIM1_UP_TIM10_IRQHandler                 0x080001f7   Thumb Code     0  startup_stm32f746xx.o(.text)
    TIM3_IRQHandler                          0x080001f7   Thumb Code     0  startup_stm32f746xx.o(.text)
    TIM4_IRQHandler                          0x080001f7   Thumb Code     0  startup_stm32f746xx.o(.text)
    TIM5_IRQHandler                          0x080001f7   Thumb Code     0  startup_stm32f746xx.o(.text)
    TIM6_DAC_IRQHandler                      0x080001f7   Thumb Code     0  startup_stm32f746xx.o(.text)
    TIM7_IRQHandler                          0x080001f7   Thumb Code     0  startup_stm32f746xx.o(.text)
    TIM8_BRK_TIM12_IRQHandler                0x080001f7   Thumb Code     0  startup_stm32f746xx.o(.text)
    TIM8_CC_IRQHandler                       0x080001f7   Thumb Code     0  startup_stm32f746xx.o(.text)
    TIM8_TRG_COM_TIM14_IRQHandler            0x080001f7   Thumb Code     0  startup_stm32f746xx.o(.text)
    TIM8_UP_TIM13_IRQHandler                 0x080001f7   Thumb Code     0  startup_stm32f746xx.o(.text)
    UART4_IRQHandler                         0x080001f7   Thumb Code     0  startup_stm32f746xx.o(.text)
    UART5_IRQHandler                         0x080001f7   Thumb Code     0  startup_stm32f746xx.o(.text)
    UART7_IRQHandler                         0x080001f7   Thumb Code     0  startup_stm32f746xx.o(.text)
    UART8_IRQHandler                         0x080001f7   Thumb Code     0  startup_stm32f746xx.o(.text)
    USART1_IRQHandler                        0x080001f7   Thumb Code     0  startup_stm32f746xx.o(.text)
    USART6_IRQHandler                        0x080001f7   Thumb Code     0  startup_stm32f746xx.o(.text)
    WWDG_IRQHandler                          0x080001f7   Thumb Code     0  startup_stm32f746xx.o(.text)
    __aeabi_uldivmod                         0x08000201   Thumb Code    98  uldiv.o(.text)
    __aeabi_memcpy                           0x08000263   Thumb Code    36  memcpya.o(.text)
    __aeabi_memcpy4                          0x08000263   Thumb Code     0  memcpya.o(.text)
    __aeabi_memcpy8                          0x08000263   Thumb Code     0  memcpya.o(.text)
    __aeabi_memset                           0x08000287   Thumb Code    14  memseta.o(.text)
    __aeabi_memset4                          0x08000287   Thumb Code     0  memseta.o(.text)
    __aeabi_memset8                          0x08000287   Thumb Code     0  memseta.o(.text)
    __aeabi_memclr                           0x08000295   Thumb Code     4  memseta.o(.text)
    __aeabi_memclr4                          0x08000295   Thumb Code     0  memseta.o(.text)
    __aeabi_memclr8                          0x08000295   Thumb Code     0  memseta.o(.text)
    _memset$wrapper                          0x08000299   Thumb Code    18  memseta.o(.text)
    strlen                                   0x080002ab   Thumb Code    14  strlen.o(.text)
    __aeabi_dadd                             0x080002b9   Thumb Code   322  dadd.o(.text)
    __aeabi_dsub                             0x080003fb   Thumb Code     6  dadd.o(.text)
    __aeabi_drsub                            0x08000401   Thumb Code     6  dadd.o(.text)
    __aeabi_dmul                             0x08000407   Thumb Code   228  dmul.o(.text)
    __aeabi_f2d                              0x080004eb   Thumb Code    38  f2d.o(.text)
    __aeabi_d2f                              0x08000511   Thumb Code    56  d2f.o(.text)
    __aeabi_uidiv                            0x08000549   Thumb Code     0  uidiv.o(.text)
    __aeabi_uidivmod                         0x08000549   Thumb Code    44  uidiv.o(.text)
    __aeabi_llsl                             0x08000575   Thumb Code    30  llshl.o(.text)
    _ll_shift_l                              0x08000575   Thumb Code     0  llshl.o(.text)
    __aeabi_llsr                             0x08000593   Thumb Code    32  llushr.o(.text)
    _ll_ushift_r                             0x08000593   Thumb Code     0  llushr.o(.text)
    __aeabi_lasr                             0x080005b3   Thumb Code    36  llsshr.o(.text)
    _ll_sshift_r                             0x080005b3   Thumb Code     0  llsshr.o(.text)
    __I$use$fp                               0x080005d7   Thumb Code     0  iusefp.o(.text)
    _float_round                             0x080005d7   Thumb Code    18  fepilogue.o(.text)
    _float_epilogue                          0x080005e9   Thumb Code    92  fepilogue.o(.text)
    _double_round                            0x08000645   Thumb Code    30  depilogue.o(.text)
    _double_epilogue                         0x08000663   Thumb Code   156  depilogue.o(.text)
    __aeabi_ddiv                             0x080006ff   Thumb Code   222  ddiv.o(.text)
    __aeabi_d2ulz                            0x080007dd   Thumb Code    48  dfixul.o(.text)
    __aeabi_cdrcmple                         0x0800080d   Thumb Code    48  cdrcmple.o(.text)
    __scatterload                            0x0800083d   Thumb Code    28  init.o(.text)
    __scatterload_rt2                        0x0800083d   Thumb Code     0  init.o(.text)
    BusFault_Handler                         0x08000861   Thumb Code     2  stm32f7xx_it.o(i.BusFault_Handler)
    DMA1_Stream1_IRQHandler                  0x08000865   Thumb Code     6  stm32f7xx_it.o(i.DMA1_Stream1_IRQHandler)
    DMA1_Stream3_IRQHandler                  0x08000871   Thumb Code     6  stm32f7xx_it.o(i.DMA1_Stream3_IRQHandler)
    DMA1_Stream5_IRQHandler                  0x0800087d   Thumb Code     6  stm32f7xx_it.o(i.DMA1_Stream5_IRQHandler)
    DMA1_Stream6_IRQHandler                  0x08000889   Thumb Code     6  stm32f7xx_it.o(i.DMA1_Stream6_IRQHandler)
    DebugMon_Handler                         0x08000939   Thumb Code     2  stm32f7xx_it.o(i.DebugMon_Handler)
    EXTI15_10_IRQHandler                     0x0800093b   Thumb Code    38  stm32f7xx_it.o(i.EXTI15_10_IRQHandler)
    Error_Handler                            0x08000961   Thumb Code     2  main.o(i.Error_Handler)
    HAL_DMA_Abort_IT                         0x08000963   Thumb Code    36  stm32f7xx_hal_dma.o(i.HAL_DMA_Abort_IT)
    HAL_DMA_IRQHandler                       0x08000989   Thumb Code   412  stm32f7xx_hal_dma.o(i.HAL_DMA_IRQHandler)
    HAL_DMA_Init                             0x08000b29   Thumb Code   222  stm32f7xx_hal_dma.o(i.HAL_DMA_Init)
    HAL_DMA_Start_IT                         0x08000c0d   Thumb Code   122  stm32f7xx_hal_dma.o(i.HAL_DMA_Start_IT)
    HAL_Delay                                0x08000c89   Thumb Code    32  stm32f7xx_hal.o(i.HAL_Delay)
    HAL_GPIO_EXTI_Callback                   0x08000cad   Thumb Code   202  main.o(i.HAL_GPIO_EXTI_Callback)
    HAL_GPIO_EXTI_IRQHandler                 0x08000d81   Thumb Code    18  stm32f7xx_hal_gpio.o(i.HAL_GPIO_EXTI_IRQHandler)
    HAL_GPIO_Init                            0x08000d99   Thumb Code   418  stm32f7xx_hal_gpio.o(i.HAL_GPIO_Init)
    HAL_GPIO_ReadPin                         0x08000f71   Thumb Code    10  stm32f7xx_hal_gpio.o(i.HAL_GPIO_ReadPin)
    HAL_GPIO_TogglePin                       0x08000f7b   Thumb Code    14  stm32f7xx_hal_gpio.o(i.HAL_GPIO_TogglePin)
    HAL_GPIO_WritePin                        0x08000f89   Thumb Code    10  stm32f7xx_hal_gpio.o(i.HAL_GPIO_WritePin)
    HAL_GetTick                              0x08000f95   Thumb Code     6  stm32f7xx_hal.o(i.HAL_GetTick)
    HAL_I2CEx_ConfigAnalogFilter             0x08000fa1   Thumb Code    88  stm32f7xx_hal_i2c_ex.o(i.HAL_I2CEx_ConfigAnalogFilter)
    HAL_I2CEx_ConfigDigitalFilter            0x08000ff9   Thumb Code    84  stm32f7xx_hal_i2c_ex.o(i.HAL_I2CEx_ConfigDigitalFilter)
    HAL_I2C_Init                             0x0800104d   Thumb Code   180  stm32f7xx_hal_i2c.o(i.HAL_I2C_Init)
    HAL_I2C_Master_Receive                   0x08001105   Thumb Code   282  stm32f7xx_hal_i2c.o(i.HAL_I2C_Master_Receive)
    HAL_I2C_Master_Transmit                  0x08001229   Thumb Code   282  stm32f7xx_hal_i2c.o(i.HAL_I2C_Master_Transmit)
    HAL_I2C_MspInit                          0x0800134d   Thumb Code    88  stm32f7xx_hal_msp.o(i.HAL_I2C_MspInit)
    HAL_IncTick                              0x080013b1   Thumb Code    12  stm32f7xx_hal.o(i.HAL_IncTick)
    HAL_Init                                 0x080013c1   Thumb Code    22  stm32f7xx_hal.o(i.HAL_Init)
    HAL_InitTick                             0x080013d9   Thumb Code    54  stm32f7xx_hal.o(i.HAL_InitTick)
    HAL_MspInit                              0x08001419   Thumb Code    42  stm32f7xx_hal_msp.o(i.HAL_MspInit)
    HAL_NVIC_EnableIRQ                       0x08001449   Thumb Code    26  stm32f7xx_hal_cortex.o(i.HAL_NVIC_EnableIRQ)
    HAL_NVIC_SetPriority                     0x08001465   Thumb Code    60  stm32f7xx_hal_cortex.o(i.HAL_NVIC_SetPriority)
    HAL_NVIC_SetPriorityGrouping             0x080014a5   Thumb Code    28  stm32f7xx_hal_cortex.o(i.HAL_NVIC_SetPriorityGrouping)
    HAL_PWREx_EnableOverDrive                0x080014c9   Thumb Code   100  stm32f7xx_hal_pwr_ex.o(i.HAL_PWREx_EnableOverDrive)
    HAL_PWR_EnableBkUpAccess                 0x08001535   Thumb Code    12  stm32f7xx_hal_pwr.o(i.HAL_PWR_EnableBkUpAccess)
    HAL_RCCEx_PeriphCLKConfig                0x08001545   Thumb Code  1276  stm32f7xx_hal_rcc_ex.o(i.HAL_RCCEx_PeriphCLKConfig)
    HAL_RCC_ClockConfig                      0x08001a41   Thumb Code   282  stm32f7xx_hal_rcc.o(i.HAL_RCC_ClockConfig)
    HAL_RCC_GetPCLK1Freq                     0x08001b6d   Thumb Code    20  stm32f7xx_hal_rcc.o(i.HAL_RCC_GetPCLK1Freq)
    HAL_RCC_GetPCLK2Freq                     0x08001b8d   Thumb Code    20  stm32f7xx_hal_rcc.o(i.HAL_RCC_GetPCLK2Freq)
    HAL_RCC_GetSysClockFreq                  0x08001bad   Thumb Code    88  stm32f7xx_hal_rcc.o(i.HAL_RCC_GetSysClockFreq)
    HAL_RCC_OscConfig                        0x08001c11   Thumb Code   810  stm32f7xx_hal_rcc.o(i.HAL_RCC_OscConfig)
    HAL_SYSTICK_Config                       0x08001f49   Thumb Code    38  stm32f7xx_hal_cortex.o(i.HAL_SYSTICK_Config)
    HAL_TIMEx_Break2Callback                 0x08001f6f   Thumb Code     2  stm32f7xx_hal_tim_ex.o(i.HAL_TIMEx_Break2Callback)
    HAL_TIMEx_BreakCallback                  0x08001f71   Thumb Code     2  stm32f7xx_hal_tim_ex.o(i.HAL_TIMEx_BreakCallback)
    HAL_TIMEx_CommutCallback                 0x08001f73   Thumb Code     2  stm32f7xx_hal_tim_ex.o(i.HAL_TIMEx_CommutCallback)
    HAL_TIMEx_ConfigBreakDeadTime            0x08001f75   Thumb Code   150  stm32f7xx_hal_tim_ex.o(i.HAL_TIMEx_ConfigBreakDeadTime)
    HAL_TIMEx_MasterConfigSynchronization    0x08002015   Thumb Code    88  stm32f7xx_hal_tim_ex.o(i.HAL_TIMEx_MasterConfigSynchronization)
    HAL_TIM_Base_Init                        0x08002075   Thumb Code    54  stm32f7xx_hal_tim.o(i.HAL_TIM_Base_Init)
    HAL_TIM_Base_MspInit                     0x080020ad   Thumb Code    96  stm32f7xx_hal_msp.o(i.HAL_TIM_Base_MspInit)
    HAL_TIM_Base_Start_IT                    0x0800211d   Thumb Code    40  stm32f7xx_hal_tim.o(i.HAL_TIM_Base_Start_IT)
    HAL_TIM_ConfigClockSource                0x08002149   Thumb Code   214  stm32f7xx_hal_tim.o(i.HAL_TIM_ConfigClockSource)
    HAL_TIM_IC_CaptureCallback               0x08002225   Thumb Code     2  stm32f7xx_hal_tim.o(i.HAL_TIM_IC_CaptureCallback)
    HAL_TIM_IRQHandler                       0x08002227   Thumb Code   386  stm32f7xx_hal_tim.o(i.HAL_TIM_IRQHandler)
    HAL_TIM_MspPostInit                      0x080023a9   Thumb Code   116  stm32f7xx_hal_msp.o(i.HAL_TIM_MspPostInit)
    HAL_TIM_OC_DelayElapsedCallback          0x08002431   Thumb Code     2  stm32f7xx_hal_tim.o(i.HAL_TIM_OC_DelayElapsedCallback)
    HAL_TIM_PWM_ConfigChannel                0x08002433   Thumb Code   296  stm32f7xx_hal_tim.o(i.HAL_TIM_PWM_ConfigChannel)
    HAL_TIM_PWM_Init                         0x0800255b   Thumb Code    54  stm32f7xx_hal_tim.o(i.HAL_TIM_PWM_Init)
    HAL_TIM_PWM_MspInit                      0x08002591   Thumb Code     2  stm32f7xx_hal_tim.o(i.HAL_TIM_PWM_MspInit)
    HAL_TIM_PWM_PulseFinishedCallback        0x08002593   Thumb Code     2  stm32f7xx_hal_tim.o(i.HAL_TIM_PWM_PulseFinishedCallback)
    HAL_TIM_PWM_Start                        0x08002595   Thumb Code    64  stm32f7xx_hal_tim.o(i.HAL_TIM_PWM_Start)
    HAL_TIM_PeriodElapsedCallback            0x080025e1   Thumb Code    18  main.o(i.HAL_TIM_PeriodElapsedCallback)
    HAL_TIM_TriggerCallback                  0x080025f9   Thumb Code     2  stm32f7xx_hal_tim.o(i.HAL_TIM_TriggerCallback)
    HAL_UART_ErrorCallback                   0x080025fb   Thumb Code     2  stm32f7xx_hal_uart.o(i.HAL_UART_ErrorCallback)
    HAL_UART_IRQHandler                      0x080025fd   Thumb Code   292  stm32f7xx_hal_uart.o(i.HAL_UART_IRQHandler)
    HAL_UART_Init                            0x08002725   Thumb Code   102  stm32f7xx_hal_uart.o(i.HAL_UART_Init)
    HAL_UART_MspInit                         0x0800278d   Thumb Code   376  stm32f7xx_hal_msp.o(i.HAL_UART_MspInit)
    HAL_UART_Receive_DMA                     0x0800292d   Thumb Code   142  stm32f7xx_hal_uart.o(i.HAL_UART_Receive_DMA)
    HAL_UART_RxCpltCallback                  0x080029c9   Thumb Code     8  main.o(i.HAL_UART_RxCpltCallback)
    HAL_UART_RxHalfCpltCallback              0x080029d5   Thumb Code     2  stm32f7xx_hal_uart.o(i.HAL_UART_RxHalfCpltCallback)
    HAL_UART_Transmit                        0x080029d7   Thumb Code   182  stm32f7xx_hal_uart.o(i.HAL_UART_Transmit)
    HAL_UART_TxCpltCallback                  0x08002a8d   Thumb Code     2  stm32f7xx_hal_uart.o(i.HAL_UART_TxCpltCallback)
    HardFault_Handler                        0x08002a8f   Thumb Code     2  stm32f7xx_it.o(i.HardFault_Handler)
    I2C_Read                                 0x08002b3d   Thumb Code    46  tj_mpu6050.o(i.I2C_Read)
    I2C_Write8                               0x08002d21   Thumb Code    28  tj_mpu6050.o(i.I2C_Write8)
    MPU6050_Config                           0x08002d41   Thumb Code   180  tj_mpu6050.o(i.MPU6050_Config)
    MPU6050_Get_Accel_Cali                   0x08002e15   Thumb Code    62  tj_mpu6050.o(i.MPU6050_Get_Accel_Cali)
    MPU6050_Get_Accel_RawData                0x08002e59   Thumb Code   136  tj_mpu6050.o(i.MPU6050_Get_Accel_RawData)
    MPU6050_Get_Accel_Scale                  0x08002ee5   Thumb Code    78  tj_mpu6050.o(i.MPU6050_Get_Accel_Scale)
    MPU6050_Get_Gyro_RawData                 0x08002f39   Thumb Code    16  tj_mpu6050.o(i.MPU6050_Get_Gyro_RawData)
    MPU6050_Get_Gyro_Scale                   0x08002f4d   Thumb Code    78  tj_mpu6050.o(i.MPU6050_Get_Gyro_Scale)
    MPU6050_Init                             0x08002fa1   Thumb Code    10  tj_mpu6050.o(i.MPU6050_Init)
    MPU6050_Set_SMPRT_DIV                    0x08002fb1   Thumb Code     8  tj_mpu6050.o(i.MPU6050_Set_SMPRT_DIV)
    MemManage_Handler                        0x080032dd   Thumb Code     2  stm32f7xx_it.o(i.MemManage_Handler)
    NMI_Handler                              0x080032df   Thumb Code     2  stm32f7xx_it.o(i.NMI_Handler)
    PendSV_Handler                           0x080032e1   Thumb Code     2  stm32f7xx_it.o(i.PendSV_Handler)
    SVC_Handler                              0x080032e3   Thumb Code     2  stm32f7xx_it.o(i.SVC_Handler)
    SysTick_Handler                          0x080032e5   Thumb Code     4  stm32f7xx_it.o(i.SysTick_Handler)
    SystemClock_Config                       0x080032e9   Thumb Code   158  main.o(i.SystemClock_Config)
    SystemInit                               0x08003391   Thumb Code    68  system_stm32f7xx.o(i.SystemInit)
    TIM2_IRQHandler                          0x080033e5   Thumb Code     6  stm32f7xx_it.o(i.TIM2_IRQHandler)
    TIM_Base_SetConfig                       0x080033f1   Thumb Code   158  stm32f7xx_hal_tim.o(i.TIM_Base_SetConfig)
    TIM_CCxChannelCmd                        0x080034bd   Thumb Code    26  stm32f7xx_hal_tim.o(i.TIM_CCxChannelCmd)
    TIM_ETR_SetConfig                        0x080034d7   Thumb Code    18  stm32f7xx_hal_tim.o(i.TIM_ETR_SetConfig)
    TIM_OC2_SetConfig                        0x0800356d   Thumb Code   108  stm32f7xx_hal_tim.o(i.TIM_OC2_SetConfig)
    UART_AdvFeatureConfig                    0x080037ab   Thumb Code   200  stm32f7xx_hal_uart.o(i.UART_AdvFeatureConfig)
    UART_CheckIdleState                      0x08003873   Thumb Code    60  stm32f7xx_hal_uart.o(i.UART_CheckIdleState)
    UART_SetConfig                           0x0800397d   Thumb Code   546  stm32f7xx_hal_uart.o(i.UART_SetConfig)
    UART_WaitOnFlagUntilTimeout              0x08003bd1   Thumb Code    96  stm32f7xx_hal_uart.o(i.UART_WaitOnFlagUntilTimeout)
    USART2_IRQHandler                        0x08003c31   Thumb Code     6  stm32f7xx_it.o(i.USART2_IRQHandler)
    USART3_IRQHandler                        0x08003c3d   Thumb Code     6  stm32f7xx_it.o(i.USART3_IRQHandler)
    UsageFault_Handler                       0x08003c49   Thumb Code     2  stm32f7xx_it.o(i.UsageFault_Handler)
    __0sprintf                               0x08003c4d   Thumb Code    34  printfa.o(i.__0sprintf)
    __1sprintf                               0x08003c4d   Thumb Code     0  printfa.o(i.__0sprintf)
    __2sprintf                               0x08003c4d   Thumb Code     0  printfa.o(i.__0sprintf)
    __c89sprintf                             0x08003c4d   Thumb Code     0  printfa.o(i.__0sprintf)
    sprintf                                  0x08003c4d   Thumb Code     0  printfa.o(i.__0sprintf)
    __scatterload_copy                       0x08003c97   Thumb Code    14  handlers.o(i.__scatterload_copy)
    __scatterload_null                       0x08003ca5   Thumb Code     2  handlers.o(i.__scatterload_null)
    __scatterload_zeroinit                   0x08003ca7   Thumb Code    14  handlers.o(i.__scatterload_zeroinit)
    main                                     0x08004571   Thumb Code  1272  main.o(i.main)
    uprintf                                  0x08004a95   Thumb Code    24  main.o(i.uprintf)
    AHBPrescTable                            0x08004ab8   Data          16  system_stm32f7xx.o(.constdata)
    APBPrescTable                            0x08004ac8   Data           8  system_stm32f7xx.o(.constdata)
    Region$$Table$$Base                      0x08004ad0   Number         0  anon$$obj.o(Region$$Table)
    Region$$Table$$Limit                     0x08004af0   Number         0  anon$$obj.o(Region$$Table)
    count_1                                  0x2000001c   Data           4  main.o(.data)
    count_2                                  0x20000020   Data           4  main.o(.data)
    ha                                       0x20000024   Data           4  main.o(.data)
    hb                                       0x20000028   Data           4  main.o(.data)
    bandera                                  0x2000002c   Data           4  main.o(.data)
    eanterior                                0x20000030   Data           4  main.o(.data)
    esum                                     0x20000034   Data           4  main.o(.data)
    eanterior_2                              0x20000038   Data           4  main.o(.data)
    esum_2                                   0x2000003c   Data           4  main.o(.data)
    sp                                       0x20000040   Data           4  main.o(.data)
    sp_2                                     0x20000044   Data           4  main.o(.data)
    kp_2                                     0x20000048   Data           4  main.o(.data)
    ki_2                                     0x2000004c   Data           4  main.o(.data)
    kd_2                                     0x20000050   Data           4  main.o(.data)
    kp                                       0x20000054   Data           4  main.o(.data)
    ki                                       0x20000058   Data           4  main.o(.data)
    kd                                       0x2000005c   Data           4  main.o(.data)
    v                                        0x20000060   Data           4  main.o(.data)
    vangular                                 0x20000064   Data           4  main.o(.data)
    v_2                                      0x20000068   Data           4  main.o(.data)
    vangular_2                               0x2000006c   Data           4  main.o(.data)
    eactual                                  0x20000070   Data           4  main.o(.data)
    eactual_2                                0x20000074   Data           4  main.o(.data)
    PID                                      0x20000078   Data           4  main.o(.data)
    PID_2                                    0x2000007c   Data           4  main.o(.data)
    t                                        0x20000080   Data           4  main.o(.data)
    uwTickFreq                               0x20000084   Data           1  stm32f7xx_hal.o(.data)
    uwTickPrio                               0x20000088   Data           4  stm32f7xx_hal.o(.data)
    uwTick                                   0x2000008c   Data           4  stm32f7xx_hal.o(.data)
    SystemCoreClock                          0x20000090   Data           4  system_stm32f7xx.o(.data)
    buffer                                   0x200000e0   Data          32  main.o(.bss)
    hi2c2                                    0x20000100   Data          76  main.o(.bss)
    htim1                                    0x2000014c   Data          64  main.o(.bss)
    htim2                                    0x2000018c   Data          64  main.o(.bss)
    htim4                                    0x200001cc   Data          64  main.o(.bss)
    huart2                                   0x2000020c   Data         128  main.o(.bss)
    huart3                                   0x2000028c   Data         128  main.o(.bss)
    RxData                                   0x2000030c   Data          11  main.o(.bss)
    angle                                    0x20000318   Data          16  main.o(.bss)
    myAccelScaled                            0x20000328   Data          12  main.o(.bss)
    myAcceScaledfilter                       0x20000334   Data          12  main.o(.bss)
    myGyroScaled                             0x20000340   Data          12  main.o(.bss)
    myGyroScaledfilter                       0x2000034c   Data          12  main.o(.bss)
    hdma_usart2_rx                           0x20000358   Data          96  main.o(.bss)
    hdma_usart2_tx                           0x200003b8   Data          96  main.o(.bss)
    hdma_usart3_rx                           0x20000418   Data          96  main.o(.bss)
    hdma_usart3_tx                           0x20000478   Data          96  main.o(.bss)
    __initial_sp                             0x200008d8   Data           0  startup_stm32f746xx.o(STACK)



==============================================================================

Memory Map of the image

  Image Entry point : 0x080001c9

  Load Region LR_IROM1 (Base: 0x08000000, Size: 0x00004b84, Max: 0x00100000, ABSOLUTE)

    Execution Region ER_IROM1 (Exec base: 0x08000000, Load base: 0x08000000, Size: 0x00004af0, Max: 0x00100000, ABSOLUTE)

    Exec Addr    Load Addr    Size         Type   Attr      Idx    E Section Name        Object

    0x08000000   0x08000000   0x000001c8   Data   RO            3    RESET               startup_stm32f746xx.o
    0x080001c8   0x080001c8   0x00000000   Code   RO         3655  * .ARM.Collect$$$$00000000  mc_w.l(entry.o)
    0x080001c8   0x080001c8   0x00000004   Code   RO         3973    .ARM.Collect$$$$00000001  mc_w.l(entry2.o)
    0x080001cc   0x080001cc   0x00000004   Code   RO         3976    .ARM.Collect$$$$00000004  mc_w.l(entry5.o)
    0x080001d0   0x080001d0   0x00000000   Code   RO         3978    .ARM.Collect$$$$00000008  mc_w.l(entry7b.o)
    0x080001d0   0x080001d0   0x00000000   Code   RO         3980    .ARM.Collect$$$$0000000A  mc_w.l(entry8b.o)
    0x080001d0   0x080001d0   0x00000008   Code   RO         3981    .ARM.Collect$$$$0000000B  mc_w.l(entry9a.o)
    0x080001d8   0x080001d8   0x00000000   Code   RO         3983    .ARM.Collect$$$$0000000D  mc_w.l(entry10a.o)
    0x080001d8   0x080001d8   0x00000000   Code   RO         3985    .ARM.Collect$$$$0000000F  mc_w.l(entry11a.o)
    0x080001d8   0x080001d8   0x00000004   Code   RO         3974    .ARM.Collect$$$$00002712  mc_w.l(entry2.o)
    0x080001dc   0x080001dc   0x00000024   Code   RO            4    .text               startup_stm32f746xx.o
    0x08000200   0x08000200   0x00000062   Code   RO         3658    .text               mc_w.l(uldiv.o)
    0x08000262   0x08000262   0x00000024   Code   RO         3660    .text               mc_w.l(memcpya.o)
    0x08000286   0x08000286   0x00000024   Code   RO         3662    .text               mc_w.l(memseta.o)
    0x080002aa   0x080002aa   0x0000000e   Code   RO         3664    .text               mc_w.l(strlen.o)
    0x080002b8   0x080002b8   0x0000014e   Code   RO         3965    .text               mf_w.l(dadd.o)
    0x08000406   0x08000406   0x000000e4   Code   RO         3967    .text               mf_w.l(dmul.o)
    0x080004ea   0x080004ea   0x00000026   Code   RO         3969    .text               mf_w.l(f2d.o)
    0x08000510   0x08000510   0x00000038   Code   RO         3971    .text               mf_w.l(d2f.o)
    0x08000548   0x08000548   0x0000002c   Code   RO         3991    .text               mc_w.l(uidiv.o)
    0x08000574   0x08000574   0x0000001e   Code   RO         3993    .text               mc_w.l(llshl.o)
    0x08000592   0x08000592   0x00000020   Code   RO         3995    .text               mc_w.l(llushr.o)
    0x080005b2   0x080005b2   0x00000024   Code   RO         3997    .text               mc_w.l(llsshr.o)
    0x080005d6   0x080005d6   0x00000000   Code   RO         4003    .text               mc_w.l(iusefp.o)
    0x080005d6   0x080005d6   0x0000006e   Code   RO         4004    .text               mf_w.l(fepilogue.o)
    0x08000644   0x08000644   0x000000ba   Code   RO         4006    .text               mf_w.l(depilogue.o)
    0x080006fe   0x080006fe   0x000000de   Code   RO         4008    .text               mf_w.l(ddiv.o)
    0x080007dc   0x080007dc   0x00000030   Code   RO         4012    .text               mf_w.l(dfixul.o)
    0x0800080c   0x0800080c   0x00000030   Code   RO         4014    .text               mf_w.l(cdrcmple.o)
    0x0800083c   0x0800083c   0x00000024   Code   RO         4016    .text               mc_w.l(init.o)
    0x08000860   0x08000860   0x00000002   Code   RO          428    i.BusFault_Handler  stm32f7xx_it.o
    0x08000862   0x08000862   0x00000002   PAD
    0x08000864   0x08000864   0x0000000c   Code   RO          429    i.DMA1_Stream1_IRQHandler  stm32f7xx_it.o
    0x08000870   0x08000870   0x0000000c   Code   RO          430    i.DMA1_Stream3_IRQHandler  stm32f7xx_it.o
    0x0800087c   0x0800087c   0x0000000c   Code   RO          431    i.DMA1_Stream5_IRQHandler  stm32f7xx_it.o
    0x08000888   0x08000888   0x0000000c   Code   RO          432    i.DMA1_Stream6_IRQHandler  stm32f7xx_it.o
    0x08000894   0x08000894   0x00000028   Code   RO         1651    i.DMA_CalcBaseAndBitshift  stm32f7xx_hal_dma.o
    0x080008bc   0x080008bc   0x00000054   Code   RO         1652    i.DMA_CheckFifoParam  stm32f7xx_hal_dma.o
    0x08000910   0x08000910   0x00000028   Code   RO         1653    i.DMA_SetConfig     stm32f7xx_hal_dma.o
    0x08000938   0x08000938   0x00000002   Code   RO          433    i.DebugMon_Handler  stm32f7xx_it.o
    0x0800093a   0x0800093a   0x00000026   Code   RO          434    i.EXTI15_10_IRQHandler  stm32f7xx_it.o
    0x08000960   0x08000960   0x00000002   Code   RO          228    i.Error_Handler     main.o
    0x08000962   0x08000962   0x00000024   Code   RO         1655    i.HAL_DMA_Abort_IT  stm32f7xx_hal_dma.o
    0x08000986   0x08000986   0x00000002   PAD
    0x08000988   0x08000988   0x000001a0   Code   RO         1659    i.HAL_DMA_IRQHandler  stm32f7xx_hal_dma.o
    0x08000b28   0x08000b28   0x000000e4   Code   RO         1660    i.HAL_DMA_Init      stm32f7xx_hal_dma.o
    0x08000c0c   0x08000c0c   0x0000007a   Code   RO         1664    i.HAL_DMA_Start_IT  stm32f7xx_hal_dma.o
    0x08000c86   0x08000c86   0x00000002   PAD
    0x08000c88   0x08000c88   0x00000024   Code   RO         2021    i.HAL_Delay         stm32f7xx_hal.o
    0x08000cac   0x08000cac   0x000000d4   Code   RO          229    i.HAL_GPIO_EXTI_Callback  main.o
    0x08000d80   0x08000d80   0x00000018   Code   RO         1587    i.HAL_GPIO_EXTI_IRQHandler  stm32f7xx_hal_gpio.o
    0x08000d98   0x08000d98   0x000001d8   Code   RO         1588    i.HAL_GPIO_Init     stm32f7xx_hal_gpio.o
    0x08000f70   0x08000f70   0x0000000a   Code   RO         1590    i.HAL_GPIO_ReadPin  stm32f7xx_hal_gpio.o
    0x08000f7a   0x08000f7a   0x0000000e   Code   RO         1591    i.HAL_GPIO_TogglePin  stm32f7xx_hal_gpio.o
    0x08000f88   0x08000f88   0x0000000a   Code   RO         1592    i.HAL_GPIO_WritePin  stm32f7xx_hal_gpio.o
    0x08000f92   0x08000f92   0x00000002   PAD
    0x08000f94   0x08000f94   0x0000000c   Code   RO         2029    i.HAL_GetTick       stm32f7xx_hal.o
    0x08000fa0   0x08000fa0   0x00000058   Code   RO         1211    i.HAL_I2CEx_ConfigAnalogFilter  stm32f7xx_hal_i2c_ex.o
    0x08000ff8   0x08000ff8   0x00000054   Code   RO         1212    i.HAL_I2CEx_ConfigDigitalFilter  stm32f7xx_hal_i2c_ex.o
    0x0800104c   0x0800104c   0x000000b8   Code   RO          765    i.HAL_I2C_Init      stm32f7xx_hal_i2c.o
    0x08001104   0x08001104   0x00000124   Code   RO          771    i.HAL_I2C_Master_Receive  stm32f7xx_hal_i2c.o
    0x08001228   0x08001228   0x00000124   Code   RO          778    i.HAL_I2C_Master_Transmit  stm32f7xx_hal_i2c.o
    0x0800134c   0x0800134c   0x00000064   Code   RO          553    i.HAL_I2C_MspInit   stm32f7xx_hal_msp.o
    0x080013b0   0x080013b0   0x00000010   Code   RO         2035    i.HAL_IncTick       stm32f7xx_hal.o
    0x080013c0   0x080013c0   0x00000016   Code   RO         2036    i.HAL_Init          stm32f7xx_hal.o
    0x080013d6   0x080013d6   0x00000002   PAD
    0x080013d8   0x080013d8   0x00000040   Code   RO         2037    i.HAL_InitTick      stm32f7xx_hal.o
    0x08001418   0x08001418   0x00000030   Code   RO          554    i.HAL_MspInit       stm32f7xx_hal_msp.o
    0x08001448   0x08001448   0x0000001a   Code   RO          624    i.HAL_NVIC_EnableIRQ  stm32f7xx_hal_cortex.o
    0x08001462   0x08001462   0x00000002   PAD
    0x08001464   0x08001464   0x00000040   Code   RO          630    i.HAL_NVIC_SetPriority  stm32f7xx_hal_cortex.o
    0x080014a4   0x080014a4   0x00000024   Code   RO          631    i.HAL_NVIC_SetPriorityGrouping  stm32f7xx_hal_cortex.o
    0x080014c8   0x080014c8   0x0000006c   Code   RO         1928    i.HAL_PWREx_EnableOverDrive  stm32f7xx_hal_pwr_ex.o
    0x08001534   0x08001534   0x00000010   Code   RO         1805    i.HAL_PWR_EnableBkUpAccess  stm32f7xx_hal_pwr.o
    0x08001544   0x08001544   0x000004fc   Code   RO         1349    i.HAL_RCCEx_PeriphCLKConfig  stm32f7xx_hal_rcc_ex.o
    0x08001a40   0x08001a40   0x0000012c   Code   RO         1242    i.HAL_RCC_ClockConfig  stm32f7xx_hal_rcc.o
    0x08001b6c   0x08001b6c   0x00000020   Code   RO         1249    i.HAL_RCC_GetPCLK1Freq  stm32f7xx_hal_rcc.o
    0x08001b8c   0x08001b8c   0x00000020   Code   RO         1250    i.HAL_RCC_GetPCLK2Freq  stm32f7xx_hal_rcc.o
    0x08001bac   0x08001bac   0x00000064   Code   RO         1251    i.HAL_RCC_GetSysClockFreq  stm32f7xx_hal_rcc.o
    0x08001c10   0x08001c10   0x00000338   Code   RO         1254    i.HAL_RCC_OscConfig  stm32f7xx_hal_rcc.o
    0x08001f48   0x08001f48   0x00000026   Code   RO          635    i.HAL_SYSTICK_Config  stm32f7xx_hal_cortex.o
    0x08001f6e   0x08001f6e   0x00000002   Code   RO         2971    i.HAL_TIMEx_Break2Callback  stm32f7xx_hal_tim_ex.o
    0x08001f70   0x08001f70   0x00000002   Code   RO         2972    i.HAL_TIMEx_BreakCallback  stm32f7xx_hal_tim_ex.o
    0x08001f72   0x08001f72   0x00000002   Code   RO         2973    i.HAL_TIMEx_CommutCallback  stm32f7xx_hal_tim_ex.o
    0x08001f74   0x08001f74   0x000000a0   Code   RO         2975    i.HAL_TIMEx_ConfigBreakDeadTime  stm32f7xx_hal_tim_ex.o
    0x08002014   0x08002014   0x00000060   Code   RO         2991    i.HAL_TIMEx_MasterConfigSynchronization  stm32f7xx_hal_tim_ex.o
    0x08002074   0x08002074   0x00000036   Code   RO         2286    i.HAL_TIM_Base_Init  stm32f7xx_hal_tim.o
    0x080020aa   0x080020aa   0x00000002   PAD
    0x080020ac   0x080020ac   0x00000070   Code   RO          556    i.HAL_TIM_Base_MspInit  stm32f7xx_hal_msp.o
    0x0800211c   0x0800211c   0x0000002c   Code   RO         2291    i.HAL_TIM_Base_Start_IT  stm32f7xx_hal_tim.o
    0x08002148   0x08002148   0x000000dc   Code   RO         2295    i.HAL_TIM_ConfigClockSource  stm32f7xx_hal_tim.o
    0x08002224   0x08002224   0x00000002   Code   RO         2315    i.HAL_TIM_IC_CaptureCallback  stm32f7xx_hal_tim.o
    0x08002226   0x08002226   0x00000182   Code   RO         2329    i.HAL_TIM_IRQHandler  stm32f7xx_hal_tim.o
    0x080023a8   0x080023a8   0x00000088   Code   RO          557    i.HAL_TIM_MspPostInit  stm32f7xx_hal_msp.o
    0x08002430   0x08002430   0x00000002   Code   RO         2332    i.HAL_TIM_OC_DelayElapsedCallback  stm32f7xx_hal_tim.o
    0x08002432   0x08002432   0x00000128   Code   RO         2353    i.HAL_TIM_PWM_ConfigChannel  stm32f7xx_hal_tim.o
    0x0800255a   0x0800255a   0x00000036   Code   RO         2356    i.HAL_TIM_PWM_Init  stm32f7xx_hal_tim.o
    0x08002590   0x08002590   0x00000002   Code   RO         2358    i.HAL_TIM_PWM_MspInit  stm32f7xx_hal_tim.o
    0x08002592   0x08002592   0x00000002   Code   RO         2359    i.HAL_TIM_PWM_PulseFinishedCallback  stm32f7xx_hal_tim.o
    0x08002594   0x08002594   0x0000004c   Code   RO         2361    i.HAL_TIM_PWM_Start  stm32f7xx_hal_tim.o
    0x080025e0   0x080025e0   0x00000018   Code   RO          230    i.HAL_TIM_PeriodElapsedCallback  main.o
    0x080025f8   0x080025f8   0x00000002   Code   RO         2372    i.HAL_TIM_TriggerCallback  stm32f7xx_hal_tim.o
    0x080025fa   0x080025fa   0x00000002   Code   RO         3256    i.HAL_UART_ErrorCallback  stm32f7xx_hal_uart.o
    0x080025fc   0x080025fc   0x00000128   Code   RO         3259    i.HAL_UART_IRQHandler  stm32f7xx_hal_uart.o
    0x08002724   0x08002724   0x00000066   Code   RO         3260    i.HAL_UART_Init     stm32f7xx_hal_uart.o
    0x0800278a   0x0800278a   0x00000002   PAD
    0x0800278c   0x0800278c   0x000001a0   Code   RO          559    i.HAL_UART_MspInit  stm32f7xx_hal_msp.o
    0x0800292c   0x0800292c   0x0000009c   Code   RO         3264    i.HAL_UART_Receive_DMA  stm32f7xx_hal_uart.o
    0x080029c8   0x080029c8   0x0000000c   Code   RO          231    i.HAL_UART_RxCpltCallback  main.o
    0x080029d4   0x080029d4   0x00000002   Code   RO         3267    i.HAL_UART_RxHalfCpltCallback  stm32f7xx_hal_uart.o
    0x080029d6   0x080029d6   0x000000b6   Code   RO         3268    i.HAL_UART_Transmit  stm32f7xx_hal_uart.o
    0x08002a8c   0x08002a8c   0x00000002   Code   RO         3271    i.HAL_UART_TxCpltCallback  stm32f7xx_hal_uart.o
    0x08002a8e   0x08002a8e   0x00000002   Code   RO          435    i.HardFault_Handler  stm32f7xx_it.o
    0x08002a90   0x08002a90   0x00000022   Code   RO          812    i.I2C_Flush_TXDR    stm32f7xx_hal_i2c.o
    0x08002ab2   0x08002ab2   0x00000002   PAD
    0x08002ab4   0x08002ab4   0x00000088   Code   RO          820    i.I2C_IsAcknowledgeFailed  stm32f7xx_hal_i2c.o
    0x08002b3c   0x08002b3c   0x00000034   Code   RO           13    i.I2C_Read          tj_mpu6050.o
    0x08002b70   0x08002b70   0x0000002c   Code   RO          827    i.I2C_TransferConfig  stm32f7xx_hal_i2c.o
    0x08002b9c   0x08002b9c   0x0000005a   Code   RO          828    i.I2C_WaitOnFlagUntilTimeout  stm32f7xx_hal_i2c.o
    0x08002bf6   0x08002bf6   0x00000002   PAD
    0x08002bf8   0x08002bf8   0x00000088   Code   RO          829    i.I2C_WaitOnRXNEFlagUntilTimeout  stm32f7xx_hal_i2c.o
    0x08002c80   0x08002c80   0x0000004e   Code   RO          830    i.I2C_WaitOnSTOPFlagUntilTimeout  stm32f7xx_hal_i2c.o
    0x08002cce   0x08002cce   0x00000052   Code   RO          831    i.I2C_WaitOnTXISFlagUntilTimeout  stm32f7xx_hal_i2c.o
    0x08002d20   0x08002d20   0x00000020   Code   RO           14    i.I2C_Write8        tj_mpu6050.o
    0x08002d40   0x08002d40   0x000000d4   Code   RO           15    i.MPU6050_Config    tj_mpu6050.o
    0x08002e14   0x08002e14   0x00000044   Code   RO           16    i.MPU6050_Get_Accel_Cali  tj_mpu6050.o
    0x08002e58   0x08002e58   0x0000008c   Code   RO           17    i.MPU6050_Get_Accel_RawData  tj_mpu6050.o
    0x08002ee4   0x08002ee4   0x00000054   Code   RO           18    i.MPU6050_Get_Accel_Scale  tj_mpu6050.o
    0x08002f38   0x08002f38   0x00000014   Code   RO           20    i.MPU6050_Get_Gyro_RawData  tj_mpu6050.o
    0x08002f4c   0x08002f4c   0x00000054   Code   RO           21    i.MPU6050_Get_Gyro_Scale  tj_mpu6050.o
    0x08002fa0   0x08002fa0   0x00000010   Code   RO           23    i.MPU6050_Init      tj_mpu6050.o
    0x08002fb0   0x08002fb0   0x00000008   Code   RO           25    i.MPU6050_Set_SMPRT_DIV  tj_mpu6050.o
    0x08002fb8   0x08002fb8   0x000000f0   Code   RO          232    i.MX_GPIO_Init      main.o
    0x080030a8   0x080030a8   0x00000044   Code   RO          233    i.MX_I2C2_Init      main.o
    0x080030ec   0x080030ec   0x000000bc   Code   RO          234    i.MX_TIM1_Init      main.o
    0x080031a8   0x080031a8   0x00000050   Code   RO          235    i.MX_TIM2_Init      main.o
    0x080031f8   0x080031f8   0x00000084   Code   RO          236    i.MX_TIM4_Init      main.o
    0x0800327c   0x0800327c   0x00000030   Code   RO          237    i.MX_USART2_UART_Init  main.o
    0x080032ac   0x080032ac   0x00000030   Code   RO          238    i.MX_USART3_UART_Init  main.o
    0x080032dc   0x080032dc   0x00000002   Code   RO          436    i.MemManage_Handler  stm32f7xx_it.o
    0x080032de   0x080032de   0x00000002   Code   RO          437    i.NMI_Handler       stm32f7xx_it.o
    0x080032e0   0x080032e0   0x00000002   Code   RO          438    i.PendSV_Handler    stm32f7xx_it.o
    0x080032e2   0x080032e2   0x00000002   Code   RO          439    i.SVC_Handler       stm32f7xx_it.o
    0x080032e4   0x080032e4   0x00000004   Code   RO          440    i.SysTick_Handler   stm32f7xx_it.o
    0x080032e8   0x080032e8   0x000000a8   Code   RO          239    i.SystemClock_Config  main.o
    0x08003390   0x08003390   0x00000054   Code   RO         3621    i.SystemInit        system_stm32f7xx.o
    0x080033e4   0x080033e4   0x0000000c   Code   RO          441    i.TIM2_IRQHandler   stm32f7xx_it.o
    0x080033f0   0x080033f0   0x000000cc   Code   RO         2374    i.TIM_Base_SetConfig  stm32f7xx_hal_tim.o
    0x080034bc   0x080034bc   0x0000001a   Code   RO         2375    i.TIM_CCxChannelCmd  stm32f7xx_hal_tim.o
    0x080034d6   0x080034d6   0x00000012   Code   RO         2385    i.TIM_ETR_SetConfig  stm32f7xx_hal_tim.o
    0x080034e8   0x080034e8   0x00000010   Code   RO         2386    i.TIM_ITRx_SetConfig  stm32f7xx_hal_tim.o
    0x080034f8   0x080034f8   0x00000074   Code   RO         2387    i.TIM_OC1_SetConfig  stm32f7xx_hal_tim.o
    0x0800356c   0x0800356c   0x00000078   Code   RO         2388    i.TIM_OC2_SetConfig  stm32f7xx_hal_tim.o
    0x080035e4   0x080035e4   0x00000078   Code   RO         2389    i.TIM_OC3_SetConfig  stm32f7xx_hal_tim.o
    0x0800365c   0x0800365c   0x00000058   Code   RO         2390    i.TIM_OC4_SetConfig  stm32f7xx_hal_tim.o
    0x080036b4   0x080036b4   0x00000058   Code   RO         2391    i.TIM_OC5_SetConfig  stm32f7xx_hal_tim.o
    0x0800370c   0x0800370c   0x00000058   Code   RO         2392    i.TIM_OC6_SetConfig  stm32f7xx_hal_tim.o
    0x08003764   0x08003764   0x00000022   Code   RO         2394    i.TIM_TI1_ConfigInputStage  stm32f7xx_hal_tim.o
    0x08003786   0x08003786   0x00000024   Code   RO         2396    i.TIM_TI2_ConfigInputStage  stm32f7xx_hal_tim.o
    0x080037aa   0x080037aa   0x000000c8   Code   RO         3273    i.UART_AdvFeatureConfig  stm32f7xx_hal_uart.o
    0x08003872   0x08003872   0x0000003c   Code   RO         3274    i.UART_CheckIdleState  stm32f7xx_hal_uart.o
    0x080038ae   0x080038ae   0x00000014   Code   RO         3275    i.UART_DMAAbortOnError  stm32f7xx_hal_uart.o
    0x080038c2   0x080038c2   0x00000046   Code   RO         3276    i.UART_DMAError     stm32f7xx_hal_uart.o
    0x08003908   0x08003908   0x0000003a   Code   RO         3277    i.UART_DMAReceiveCplt  stm32f7xx_hal_uart.o
    0x08003942   0x08003942   0x0000000a   Code   RO         3279    i.UART_DMARxHalfCplt  stm32f7xx_hal_uart.o
    0x0800394c   0x0800394c   0x00000020   Code   RO         3285    i.UART_EndRxTransfer  stm32f7xx_hal_uart.o
    0x0800396c   0x0800396c   0x00000010   Code   RO         3286    i.UART_EndTxTransfer  stm32f7xx_hal_uart.o
    0x0800397c   0x0800397c   0x00000254   Code   RO         3289    i.UART_SetConfig    stm32f7xx_hal_uart.o
    0x08003bd0   0x08003bd0   0x00000060   Code   RO         3292    i.UART_WaitOnFlagUntilTimeout  stm32f7xx_hal_uart.o
    0x08003c30   0x08003c30   0x0000000c   Code   RO          442    i.USART2_IRQHandler  stm32f7xx_it.o
    0x08003c3c   0x08003c3c   0x0000000c   Code   RO          443    i.USART3_IRQHandler  stm32f7xx_it.o
    0x08003c48   0x08003c48   0x00000002   Code   RO          444    i.UsageFault_Handler  stm32f7xx_it.o
    0x08003c4a   0x08003c4a   0x00000002   PAD
    0x08003c4c   0x08003c4c   0x00000028   Code   RO         3903    i.__0sprintf        mc_w.l(printfa.o)
    0x08003c74   0x08003c74   0x00000022   Code   RO          637    i.__NVIC_SetPriority  stm32f7xx_hal_cortex.o
    0x08003c96   0x08003c96   0x0000000e   Code   RO         4043    i.__scatterload_copy  mc_w.l(handlers.o)
    0x08003ca4   0x08003ca4   0x00000002   Code   RO         4044    i.__scatterload_null  mc_w.l(handlers.o)
    0x08003ca6   0x08003ca6   0x0000000e   Code   RO         4045    i.__scatterload_zeroinit  mc_w.l(handlers.o)
    0x08003cb4   0x08003cb4   0x00000184   Code   RO         3908    i._fp_digits        mc_w.l(printfa.o)
    0x08003e38   0x08003e38   0x000006dc   Code   RO         3909    i._printf_core      mc_w.l(printfa.o)
    0x08004514   0x08004514   0x00000024   Code   RO         3910    i._printf_post_padding  mc_w.l(printfa.o)
    0x08004538   0x08004538   0x0000002e   Code   RO         3911    i._printf_pre_padding  mc_w.l(printfa.o)
    0x08004566   0x08004566   0x0000000a   Code   RO         3913    i._sputc            mc_w.l(printfa.o)
    0x08004570   0x08004570   0x00000524   Code   RO          246    i.main              main.o
    0x08004a94   0x08004a94   0x0000001c   Code   RO          250    i.uprintf           main.o
    0x08004ab0   0x08004ab0   0x00000008   Data   RO         1666    .constdata          stm32f7xx_hal_dma.o
    0x08004ab8   0x08004ab8   0x00000010   Data   RO         3622    .constdata          system_stm32f7xx.o
    0x08004ac8   0x08004ac8   0x00000008   Data   RO         3623    .constdata          system_stm32f7xx.o
    0x08004ad0   0x08004ad0   0x00000020   Data   RO         4041    Region$$Table       anon$$obj.o


    Execution Region RW_IRAM1 (Exec base: 0x20000000, Load base: 0x08004af0, Size: 0x000008d8, Max: 0x00050000, ABSOLUTE)

    Exec Addr    Load Addr    Size         Type   Attr      Idx    E Section Name        Object

    0x20000000   0x08004af0   0x0000001a   Data   RW           28    .data               tj_mpu6050.o
    0x2000001a   0x08004b0a   0x00000002   PAD
    0x2000001c   0x08004b0c   0x00000068   Data   RW          260    .data               main.o
    0x20000084   0x08004b74   0x0000000c   Data   RW         2043    .data               stm32f7xx_hal.o
    0x20000090   0x08004b80   0x00000004   Data   RW         3624    .data               system_stm32f7xx.o
    0x20000094        -       0x0000004c   Zero   RW           27    .bss                tj_mpu6050.o
    0x200000e0        -       0x00000278   Zero   RW          253    .bss                main.o
    0x20000358        -       0x00000060   Zero   RW          254    .bss                main.o
    0x200003b8        -       0x00000060   Zero   RW          255    .bss                main.o
    0x20000418        -       0x00000060   Zero   RW          256    .bss                main.o
    0x20000478        -       0x00000060   Zero   RW          257    .bss                main.o
    0x200004d8        -       0x00000400   Zero   RW            1    STACK               startup_stm32f746xx.o


==============================================================================

Image component sizes


      Code (inc. data)   RO Data    RW Data    ZI Data      Debug   Object Name

      2566        228          0        104       1016      13430   main.o
        36          8        456          0       1024        852   startup_stm32f746xx.o
       150         24          0         12          0       9161   stm32f7xx_hal.o
       198         12          0          0          0      39083   stm32f7xx_hal_cortex.o
       966         16          8          0          0       6618   stm32f7xx_hal_dma.o
       530         60          0          0          0       4571   stm32f7xx_hal_gpio.o
      1368         38          0          0          0      10902   stm32f7xx_hal_i2c.o
       172          0          0          0          0       2011   stm32f7xx_hal_i2c_ex.o
       812         94          0          0          0       4342   stm32f7xx_hal_msp.o
        16          4          0          0          0        563   stm32f7xx_hal_pwr.o
       108          8          0          0          0       1300   stm32f7xx_hal_pwr_ex.o
      1288         68          0          0          0       5200   stm32f7xx_hal_rcc.o
      1276         16          0          0          0       2312   stm32f7xx_hal_rcc_ex.o
      2094        146          0          0          0      18494   stm32f7xx_hal_tim.o
       262         18          0          0          0       4056   stm32f7xx_hal_tim_ex.o
      1900         88          0          0          0      13879   stm32f7xx_hal_uart.o
       142         42          0          0          0       8131   stm32f7xx_it.o
        84         16         24          4          0       1275   system_stm32f7xx.o
       716         74          0         26         76     823105   tj_mpu6050.o

    ----------------------------------------------------------------------
     14706        960        520        148       2116     969285   Object Totals
         0          0         32          0          0          0   (incl. Generated)
        22          0          0          2          0          0   (incl. Padding)

    ----------------------------------------------------------------------

      Code (inc. data)   RO Data    RW Data    ZI Data      Debug   Library Member Name

         0          0          0          0          0          0   entry.o
         0          0          0          0          0          0   entry10a.o
         0          0          0          0          0          0   entry11a.o
         8          4          0          0          0          0   entry2.o
         4          0          0          0          0          0   entry5.o
         0          0          0          0          0          0   entry7b.o
         0          0          0          0          0          0   entry8b.o
         8          4          0          0          0          0   entry9a.o
        30          0          0          0          0          0   handlers.o
        36          8          0          0          0         68   init.o
         0          0          0          0          0          0   iusefp.o
        30          0          0          0          0         68   llshl.o
        36          0          0          0          0         68   llsshr.o
        32          0          0          0          0         68   llushr.o
        36          0          0          0          0         68   memcpya.o
        36          0          0          0          0        108   memseta.o
      2276         86          0          0          0        520   printfa.o
        14          0          0          0          0         68   strlen.o
        44          0          0          0          0         80   uidiv.o
        98          0          0          0          0         92   uldiv.o
        48          0          0          0          0         68   cdrcmple.o
        56          0          0          0          0         88   d2f.o
       334          0          0          0          0        148   dadd.o
       222          0          0          0          0        100   ddiv.o
       186          0          0          0          0        176   depilogue.o
        48          0          0          0          0         68   dfixul.o
       228          0          0          0          0         96   dmul.o
        38          0          0          0          0         68   f2d.o
       110          0          0          0          0        168   fepilogue.o

    ----------------------------------------------------------------------
      3958        102          0          0          0       2188   Library Totals
         0          0          0          0          0          0   (incl. Padding)

    ----------------------------------------------------------------------

      Code (inc. data)   RO Data    RW Data    ZI Data      Debug   Library Name

      2688        102          0          0          0       1208   mc_w.l
      1270          0          0          0          0        980   mf_w.l

    ----------------------------------------------------------------------
      3958        102          0          0          0       2188   Library Totals

    ----------------------------------------------------------------------

==============================================================================


      Code (inc. data)   RO Data    RW Data    ZI Data      Debug   

     18664       1062        520        148       2116     957885   Grand Totals
     18664       1062        520        148       2116     957885   ELF Image Totals
     18664       1062        520        148          0          0   ROM Totals

==============================================================================

    Total RO  Size (Code + RO Data)                19184 (  18.73kB)
    Total RW  Size (RW Data + ZI Data)              2264 (   2.21kB)
    Total ROM Size (Code + RO Data + RW Data)      19332 (  18.88kB)

==============================================================================

