<html>
<body>
<pre>
<h1>µVision Build Log</h1>
<h2>Tool Versions:</h2>
IDE-Version: µVision V5.28.0.0
Copyright (C) 2019 ARM Ltd and ARM Germany GmbH. All rights reserved.
License Information: Roberto Navarro, HP Inc., LIC=----
 
Tool Versions:
Toolchain:       MDK-Lite  Version: 5.28.0.0
Toolchain Path:  C:\Keil_v5\ARM\ARMCC\Bin
C Compiler:      Armcc.exe V5.06 update 6 (build 750)
Assembler:       Armasm.exe V5.06 update 6 (build 750)
Linker/Locator:  ArmLink.exe V5.06 update 6 (build 750)
Library Manager: ArmAr.exe V5.06 update 6 (build 750)
Hex Converter:   FromElf.exe V5.06 update 6 (build 750)
CPU DLL:         SARMCM3.DLL V5.28.0.0
Dialog DLL:      DCM.DLL V1.17.3.0
Target DLL:      STLink\ST-LINKIII-KEIL_SWO.dll V3.0.6.0
Dialog DLL:      TCM.DLL V1.36.2.0
 
<h2>Project:</h2>
C:\Users\rober\Desktop\Tesis\Programacion\ST\Prueba1\MDK-ARM\Prueba1.uvprojx
Project File Date:  05/21/2021

<h2>Output:</h2>
*** Using Compiler 'V5.06 update 6 (build 750)', folder: 'C:\Keil_v5\ARM\ARMCC\Bin'
Rebuild target 'Prueba1'
assembling startup_stm32f746xx.s...
compiling stm32f7xx_it.c...
compiling stm32f7xx_hal_i2c_ex.c...
compiling TJ_MPU6050.c...
compiling stm32f7xx_hal_cortex.c...
compiling stm32f7xx_hal_msp.c...
compiling main.c...
../Src/main.c(217): warning:  #1035-D: single-precision operand implicitly converted to double-precision
  			vangular = v * 1000 * 2* M_PI;
../Src/main.c(220): warning:  #1035-D: single-precision operand implicitly converted to double-precision
  			vangular_2 = v_2 * 1000 * 2* M_PI;
../Src/main.c(269): warning:  #1035-D: single-precision operand implicitly converted to double-precision
  		myAcceScaledfilter.x = ema_alpha * myAccelScaled.x + (1 - ema_alpha) * myAcceScaledfilter.x;
../Src/main.c(270): warning:  #1035-D: single-precision operand implicitly converted to double-precision
  		myAcceScaledfilter.y = ema_alpha * myAccelScaled.y + (1 - ema_alpha) * myAcceScaledfilter.y;
../Src/main.c(271): warning:  #1035-D: single-precision operand implicitly converted to double-precision
  		myAcceScaledfilter.z = ema_alpha * myAccelScaled.z + (1 - ema_alpha) * myAcceScaledfilter.z;
../Src/main.c(273): warning:  #1035-D: single-precision operand implicitly converted to double-precision
  		myGyroScaledfilter.x = ema_alpha * myGyroScaled.x + (1 - ema_alpha) * myGyroScaledfilter.x;
../Src/main.c(274): warning:  #1035-D: single-precision operand implicitly converted to double-precision
  		myGyroScaledfilter.y = ema_alpha * myGyroScaled.y + (1 - ema_alpha) * myGyroScaledfilter.y;
../Src/main.c(275): warning:  #1035-D: single-precision operand implicitly converted to double-precision
  		myGyroScaledfilter.z = ema_alpha * myGyroScaled.z + (1 - ema_alpha) * myGyroScaledfilter.z;
../Src/main.c(277): warning:  #1035-D: single-precision operand implicitly converted to double-precision
  		angle[2] = angle[2] + myGyroScaledfilter.z *	0.02;
../Src/main.c: 9 warnings, 0 errors
compiling stm32f7xx_hal_i2c.c...
compiling stm32f7xx_hal_flash.c...
compiling stm32f7xx_hal_flash_ex.c...
compiling stm32f7xx_hal_dma.c...
compiling stm32f7xx_hal_gpio.c...
compiling stm32f7xx_hal_dma_ex.c...
compiling stm32f7xx_hal_rcc_ex.c...
compiling stm32f7xx_hal_rcc.c...
compiling stm32f7xx_hal_exti.c...
compiling stm32f7xx_hal_pwr.c...
compiling stm32f7xx_hal_pwr_ex.c...
compiling stm32f7xx_hal.c...
compiling stm32f7xx_hal_tim_ex.c...
compiling stm32f7xx_hal_uart.c...
compiling stm32f7xx_hal_tim.c...
compiling stm32f7xx_hal_uart_ex.c...
compiling system_stm32f7xx.c...
linking...
Program Size: Code=18664 RO-data=520 RW-data=148 ZI-data=2116  
FromELF: creating hex file...
"Prueba1\Prueba1.axf" - 0 Error(s), 9 Warning(s).

<h2>Software Packages used:</h2>

Package Vendor: ARM
                http://www.keil.com/pack/ARM.CMSIS.5.6.0.pack
                ARM.CMSIS.5.6.0
                CMSIS (Cortex Microcontroller Software Interface Standard)
   * Component: CORE Version: 5.3.0

Package Vendor: Keil
                https://www.keil.com/pack/Keil.STM32F7xx_DFP.2.12.0.pack
                Keil.STM32F7xx_DFP.2.12.0
                STMicroelectronics STM32F7 Series Device Support, Drivers and Examples

<h2>Collection of Component include folders:</h2>
  .\RTE\_Prueba1
  C:\Users\rober\AppData\Local\Arm\Packs\ARM\CMSIS\5.6.0\CMSIS\Core\Include
  C:\Users\rober\AppData\Local\Arm\Packs\Keil\STM32F7xx_DFP\2.12.0\Drivers\CMSIS\Device\ST\STM32F7xx\Include

<h2>Collection of Component Files used:</h2>

   * Component: ARM::CMSIS:CORE:5.3.0
Build Time Elapsed:  00:00:40
</pre>
</body>
</html>
